C51 COMPILER V9.54   KBD                                                                   04/02/2022 16:29:12 PAGE 1   


C51 COMPILER V9.54, COMPILATION OF MODULE KBD
OBJECT MODULE PLACED IN .\Objects\kbd.obj
COMPILER INVOKED BY: D:\Keil5\C51\BIN\C51.EXE kbd.c OPTIMIZE(8,SPEED) BROWSE DEBUG OBJECTEXTEND PRINT(.\Listings\kbd.lst
                    -) OBJECT(.\Objects\kbd.obj)

line level    source

   1          #include "kbd.h"
   2          
   3          u8 Key_Scan(){
   4   1              static u8 key_state=0;
   5   1              u8 keynum=0;
   6   1              u16 keynew;
   7   1              
   8   1              P44=0;P42=1;P35=1;P34=1;
   9   1              keynew = P3&0x0f;
  10   1              P44=1;P42=0;P35=1;P34=1;
  11   1              keynew = (keynew<<4) | P3&0x0f;
  12   1              P44=1;P42=1;P35=0;P34=1;
  13   1              keynew = (keynew<<4) | P3&0x0f;
  14   1              P44=1;P42=1;P35=1;P34=0;
  15   1              keynew = (keynew<<4) | P3&0x0f;
  16   1              
  17   1              switch(key_state){
  18   2                      case 0:
  19   2                              if(keynew!=0xffff)key_state = 1;
  20   2                              break;
  21   2                      case 1:
  22   2                              if(keynew!=0xffff){
  23   3                                      switch(~keynew){
  24   4                                              case 0x8000:keynum=4;break;
  25   4                                              case 0x4000:keynum=5;break;
  26   4                                              case 0x2000:keynum=6;break;
  27   4                                              case 0x1000:keynum=7;break;
  28   4                                              
  29   4                                              case 0x0800:keynum=8;break;
  30   4                                              case 0x0400:keynum=9;break;
  31   4                                              case 0x0200:keynum=10;break;
  32   4                                              case 0x0100:keynum=11;break;
  33   4                                              
  34   4                                              case 0x0080:keynum=12;break;
  35   4                                              case 0x0040:keynum=13;break;
  36   4                                              case 0x0020:keynum=14;break;
  37   4                                              case 0x0010:keynum=15;break;
  38   4                                              
  39   4                                              case 0x0008:keynum=16;break;
  40   4                                              case 0x0004:keynum=17;break;
  41   4                                              case 0x0002:keynum=18;break;
  42   4                                              case 0x0001:keynum=19;break;
  43   4                                      }
  44   3                                      key_state = 2;
  45   3                              }
  46   2                              else key_state = 0;
  47   2                              break;
  48   2                      case 2:
  49   2                              if(keynew==0xffff)key_state = 0;
  50   2                              break;
  51   2              }
  52   1              return keynum;
  53   1              
  54   1      }
C51 COMPILER V9.54   KBD                                                                   04/02/2022 16:29:12 PAGE 2   



MODULE INFORMATION:   STATIC OVERLAYABLE
   CODE SIZE        =    353    ----
   CONSTANT SIZE    =   ----    ----
   XDATA SIZE       =   ----    ----
   PDATA SIZE       =   ----    ----
   DATA SIZE        =      1       3
   IDATA SIZE       =   ----    ----
   BIT SIZE         =   ----    ----
END OF MODULE INFORMATION.


C51 COMPILATION COMPLETE.  0 WARNING(S),  0 ERROR(S)
