C51 COMPILER V9.60.7.0   MACHINE                                                           06/08/2025 17:53:51 PAGE 1   


C51 COMPILER V9.60.7.0, COMPILATION OF MODULE MACHINE
OBJECT MODULE PLACED IN .\Objects\machine.obj
COMPILER INVOKED BY: C:\Keil_v5\C51\BIN\C51.EXE code\machine.c OPTIMIZE(8,SPEED) BROWSE DEBUG OBJECTEXTEND PRINT(.\Listi
                    -ngs\machine.lst) TABS(2) OBJECT(.\Objects\machine.obj)

line level    source

   1          #include "machine.h"
   2          
   3          
   4          void clean_display()
   5          {
   6   1          P0M0 = 0x00; P0M1 = 0x00; 
   7   1          P1M0 = 0x00; P1M1 = 0x00; 
   8   1          P2M0 = 0x00; P2M1 = 0x00; 
   9   1          P3M0 = 0x00; P3M1 = 0x00; 
  10   1          P4M0 = 0x00; P4M1 = 0x00; 
  11   1          P5M0 = 0x00; P5M1 = 0x00; 
  12   1          P6M0 = 0x00; P6M1 = 0x00; 
  13   1          P7M0 = 0x00; P7M1 = 0x00; 
  14   1      
  15   1          P0 = 0xFF;
  16   1          batch(4);
  17   1      
  18   1          P0 = 0xAF;
  19   1          batch(5);
  20   1      
  21   1          P0 = 0x00;
  22   1          batch(6);
  23   1      
  24   1          P0 = 0xFF;
  25   1          batch(7);
  26   1      
  27   1      }
  28          
  29          
  30          void batch(uchar i)
  31          {
  32   1          switch (i)
  33   1          {
  34   2              case 4: { P2 = ( P2 & 0x1F) | 0x80; break; }
  35   2              case 5: { P2 = ( P2 & 0x1F) | 0xA0; break; }
  36   2              case 6: { P2 = ( P2 & 0x1F) | 0xC0; break; }
  37   2              case 7: { P2 = ( P2 & 0x1F) | 0xE0; break; }
  38   2          }
  39   1          P2 = (P2 & 0x1F);
  40   1      }
  41          
  42          
  43          
  44          
  45          
  46          
  47          void Timer0_Init(void)    //1微秒@12.000MHz
  48          {
  49   1        AUXR |= 0x80;     //定时器时钟1T模式
  50   1        TMOD &= 0xF0;     //设置定时器模式
  51   1        TMOD |= 0x02;     //设置定时器模式
  52   1          TMOD |= 0x04;
  53   1          // 0000 0100
  54   1        TL0 = 0xFF;       //设置定时初始值
C51 COMPILER V9.60.7.0   MACHINE                                                           06/08/2025 17:53:51 PAGE 2   

  55   1        TH0 = 0xFF;       //设置定时重载值
  56   1        TF0 = 0;        //清除TF0标志
  57   1        TR0 = 1;        //定时器0开始计时
  58   1        ET0 = 1;        //使能定时器0中断
  59   1      }
  60          
  61          
  62          
  63          void Timer1_Init(void)    //1毫秒@12.000MHz
  64          {
  65   1        AUXR |= 0x40;     //定时器时钟1T模式
  66   1        TMOD &= 0x0F;     //设置定时器模式
  67   1        TL1 = 0x20;       //设置定时初始值
  68   1        TH1 = 0xD1;       //设置定时初始值
  69   1        TF1 = 0;        //清除TF1标志
  70   1        TR1 = 1;        //定时器1开始计时
  71   1        ET1 = 1;        //使能定时器1中断
  72   1      }
  73          
  74          
  75          
  76          void Uart1_Init(void) //9600bps@12.000MHz
  77          {
  78   1        SCON = 0x50;    //8位数据,可变波特率
  79   1        AUXR |= 0x01;   //串口1选择定时器2为波特率发生器
  80   1        AUXR |= 0x04;   //定时器时钟1T模式
  81   1        T2L = 0xC7;     //设置定时初始值
  82   1        T2H = 0xFE;     //设置定时初始值
  83   1        AUXR |= 0x10;   //定时器2开始计时
  84   1        ES = 1;       //使能串口1中断
  85   1          PS = 1;
  86   1      }
  87          
  88          void pcaInit()
  89          {
  90   1          uint CCAP0_TIME = 1000;
  91   1      
  92   1          CMOD = 0x00;
  93   1          CCON = 0x00;
  94   1      
  95   1          CH = 0x00; CL = 0x00;
  96   1      
  97   1          CCAPM0 = 0x49;  // 0100 1001
  98   1          CCAP0L = CCAP0_TIME; CCAP0H = CCAP0_TIME >> 8;
  99   1      
 100   1          
 101   1      
 102   1          EA = 1;
 103   1          CCON = 0x41;     // 0100 0001
 104   1          PPCA = 1;
 105   1      }
 106          
 107          
 108          void timer()
 109          {
 110   1          // timer2 -> 串口
 111   1          // timer1 -> 超声波
 112   1          // timer0 -> 频率
 113   1      
 114   1          Timer0_Init();
 115   1          Timer1_Init();
 116   1          pcaInit();
C51 COMPILER V9.60.7.0   MACHINE                                                           06/08/2025 17:53:51 PAGE 3   

 117   1          Uart1_Init();
 118   1          EA = 1;
 119   1      }
 120          
 121          
 122          
 123          
 124          


MODULE INFORMATION:   STATIC OVERLAYABLE
   CODE SIZE        =    232    ----
   CONSTANT SIZE    =   ----    ----
   XDATA SIZE       =   ----    ----
   PDATA SIZE       =   ----    ----
   DATA SIZE        =   ----    ----
   IDATA SIZE       =   ----    ----
   BIT SIZE         =   ----    ----
END OF MODULE INFORMATION.


C51 COMPILATION COMPLETE.  0 WARNING(S),  0 ERROR(S)
