C51 COMPILER V9.60.7.0   BOOT                                                              03/28/2025 20:58:22 PAGE 1   


C51 COMPILER V9.60.7.0, COMPILATION OF MODULE BOOT
OBJECT MODULE PLACED IN .\Objects\boot.obj
COMPILER INVOKED BY: C:\Keil_v5\C51\BIN\C51.EXE code\boot.c OPTIMIZE(8,SPEED) BROWSE DEBUG OBJECTEXTEND PRINT(.\Listings
                    -\boot.lst) TABS(2) OBJECT(.\Objects\boot.obj)

line level    source

   1          #include "boot.h"
   2          
   3          void boot_init()
   4          {
   5   1          P0M1 = 0;   P0M0 = 0;   //设置为准双向口
   6   1          P1M1 = 0;   P1M0 = 0;   //设置为准双向口
   7   1          P2M1 = 0;   P2M0 = 0;   //设置为准双向口
   8   1          P3M1 = 0;   P3M0 = 0;   //设置为准双向口
   9   1          P4M1 = 0;   P4M0 = 0;   //设置为准双向口
  10   1          P5M1 = 0;   P5M0 = 0;   //设置为准双向口
  11   1          P6M1 = 0;   P6M0 = 0;   //设置为准双向口
  12   1          P7M1 = 0;   P7M0 = 0;   //设置为准双向口
  13   1      
  14   1      
  15   1          P0 = 0xFF;
  16   1          batch(4);
  17   1          batch(0);
  18   1      
  19   1          P0 = 0xAF;
  20   1          batch(5);
  21   1          batch(0);
  22   1      
  23   1          P0 = 0x00;
  24   1          batch(6);
  25   1          batch(0);
  26   1      
  27   1          P0 = 0XFF;
  28   1          batch(7);
  29   1          batch(0);
  30   1      
  31   1          Timer2_Init();
  32   1          Timer1_Init();
  33   1          EA = 1;
  34   1      }
  35          
  36          void batch(uchar i)
  37          {
  38   1          switch (i)
  39   1          {
  40   2              case 0: {P2 = P2 & 0x1F; break;}
  41   2              case 4: {P2 = (P2 & 0x1F) | 0x80; break;}
  42   2              case 5: {P2 = (P2 & 0x1F) | 0xA0; break;}
  43   2              case 6: {P2 = (P2 & 0x1F) | 0xC0; break;}
  44   2              case 7: {P2 = (P2 & 0x1F) | 0xE0; break;}
  45   2          }
  46   1      }
  47          
  48          void Delay14us(void)  //@12.000MHz
  49          {
  50   1        unsigned char data i;
  51   1      
  52   1        _nop_();
  53   1        _nop_();
  54   1        i = 39;
C51 COMPILER V9.60.7.0   BOOT                                                              03/28/2025 20:58:22 PAGE 2   

  55   1        while (--i);
  56   1      }
  57          
  58          
  59          
  60          void Timer2_Init(void)    //1毫秒@12.000MHz
  61          {
  62   1        AUXR &= 0xFB;     //定时器时钟12T模式
  63   1        T2L = 0x18;       //设置定时初始值
  64   1        T2H = 0xFC;       //设置定时初始值
  65   1        AUXR |= 0x10;     //定时器2开始计时
  66   1        IE2 |= 0x04;      //使能定时器2中断
  67   1      }
  68          
  69          void Timer1_Init(void)    //1毫秒@12.000MHz
  70          {
  71   1        AUXR &= 0xBF;     //定时器时钟12T模式
  72   1        TMOD &= 0x0F;     //设置定时器模式
  73   1        TL1 = 0x00;       //设置定时初始值
  74   1        TH1 = 0x00;       //设置定时初始值
  75   1        TF1 = 0;        //清除TF1标志
  76   1        TR1 = 0;        //定时器1开始计时
  77   1      }


MODULE INFORMATION:   STATIC OVERLAYABLE
   CODE SIZE        =    191    ----
   CONSTANT SIZE    =   ----    ----
   XDATA SIZE       =   ----    ----
   PDATA SIZE       =   ----    ----
   DATA SIZE        =   ----    ----
   IDATA SIZE       =   ----    ----
   BIT SIZE         =   ----    ----
END OF MODULE INFORMATION.


C51 COMPILATION COMPLETE.  0 WARNING(S),  0 ERROR(S)
