BL51 BANKED LINKER/LOCATER V6.22.4.0                                                    05/20/2025  20:27:23  PAGE 1


BL51 BANKED LINKER/LOCATER V6.22.4.0, INVOKED BY:
C:\KEIL_V5\C51\BIN\BL51.EXE .\Objects\STARTUP.obj, .\Objects\display.obj, .\Objects\machine.obj, .\Objects\main.obj TO .
>> \Objects\5.19 PRINT (.\Listings\5.m51) RAMSIZE (256)


MEMORY MODEL: SMALL


INPUT MODULES INCLUDED:
  .\Objects\STARTUP.obj (?C_STARTUP)
  .\Objects\display.obj (DISPLAY)
  .\Objects\machine.obj (MACHINE)
  .\Objects\main.obj (MAIN)
  C:\KEIL_V5\C51\LIB\C51S.LIB (?C_INIT)


LINK MAP OF MODULE:  .\Objects\5.19 (?C_STARTUP)


            TYPE    BASE      LENGTH    RELOCATION   SEGMENT NAME
            -----------------------------------------------------

            * * * * * * *   D A T A   M E M O R Y   * * * * * * *
            REG     0000H     0008H     ABSOLUTE     "REG BANK 0"
            DATA    0008H     0013H     UNIT         ?DT?DISPLAY
            DATA    001BH     000FH     UNIT         _DATA_GROUP_
            DATA    002AH     0002H     UNIT         ?DT?MAIN
            IDATA   002CH     0001H     UNIT         ?STACK

            * * * * * * *   C O D E   M E M O R Y   * * * * * * *
            CODE    0000H     0003H     ABSOLUTE     
            CODE    0003H     0018H     UNIT         ?C_INITSEG
            CODE    001BH     0003H     ABSOLUTE     
            CODE    001EH     008CH     UNIT         ?C_C51STARTUP
            CODE    00AAH     0044H     UNIT         ?PR?TIMER_1_INTERRUPT?MAIN
            CODE    00EEH     003EH     UNIT         ?PR?CLEAN_DISPLAY?MACHINE
            CODE    012CH     0039H     UNIT         ?PR?SEG_DISPLAY?DISPLAY
            CODE    0165H     0039H     UNIT         ?PR?_BATCH?MACHINE
            CODE    019EH     002BH     UNIT         ?CO?DISPLAY
            CODE    01C9H     0024H     UNIT         ?PR?DISPLAY_TASK?MAIN
            CODE    01EDH     0016H     UNIT         ?PR?_SET_SEG_VALUE?DISPLAY
            CODE    0203H     0013H     UNIT         ?PR?TIMER1_INIT?MACHINE
            CODE    0216H     000FH     UNIT         ?PR?DELAY500MS?MACHINE
            CODE    0225H     000CH     UNIT         ?PR?TASK_LOOP?MAIN
            CODE    0231H     0009H     UNIT         ?PR?BOOT_INIT?MAIN
            CODE    023AH     0008H     UNIT         ?PR?MAIN?MAIN



OVERLAY MAP OF MODULE:   .\Objects\5.19 (?C_STARTUP)


SEGMENT                              DATA_GROUP 
  +--> CALLED SEGMENT              START    LENGTH
--------------------------------------------------
?C_C51STARTUP                      -----    -----
  +--> ?PR?MAIN?MAIN
  +--> ?C_INITSEG
BL51 BANKED LINKER/LOCATER V6.22.4.0                                                  05/20/2025  20:27:23  PAGE 2



?PR?MAIN?MAIN                      -----    -----
  +--> ?PR?BOOT_INIT?MAIN
  +--> ?PR?TASK_LOOP?MAIN

?PR?BOOT_INIT?MAIN                 -----    -----
  +--> ?PR?CLEAN_DISPLAY?MACHINE
  +--> ?PR?TIMER1_INIT?MACHINE

?PR?CLEAN_DISPLAY?MACHINE          -----    -----
  +--> ?PR?_BATCH?MACHINE

?PR?TASK_LOOP?MAIN                 -----    -----
  +--> ?PR?DISPLAY_TASK?MAIN

?PR?DISPLAY_TASK?MAIN              -----    -----
  +--> ?PR?_SET_SEG_VALUE?DISPLAY

?PR?_SET_SEG_VALUE?DISPLAY         001BH    000FH

*** NEW ROOT ***************************************************

?PR?TIMER_1_INTERRUPT?MAIN         -----    -----
  +--> ?PR?SEG_DISPLAY?DISPLAY

?PR?SEG_DISPLAY?DISPLAY            -----    -----
  +--> ?PR?_BATCH?MACHINE
  +--> ?CO?DISPLAY



SYMBOL TABLE OF MODULE:  .\Objects\5.19 (?C_STARTUP)

  VALUE           TYPE          NAME
  ----------------------------------

  -------         MODULE        ?C_STARTUP
  C:001EH         SEGMENT       ?C_C51STARTUP
  I:002CH         SEGMENT       ?STACK
  C:0000H         PUBLIC        ?C_STARTUP
  D:00E0H         SYMBOL        ACC
  D:00F0H         SYMBOL        B
  D:0083H         SYMBOL        DPH
  D:0082H         SYMBOL        DPL
  N:0000H         SYMBOL        IBPSTACK
  N:0100H         SYMBOL        IBPSTACKTOP
  N:0080H         SYMBOL        IDATALEN
  C:0021H         SYMBOL        IDATALOOP
  N:0000H         SYMBOL        PBPSTACK
  N:0100H         SYMBOL        PBPSTACKTOP
  N:0000H         SYMBOL        PDATALEN
  N:0000H         SYMBOL        PDATASTART
  N:0000H         SYMBOL        PPAGE
  N:0000H         SYMBOL        PPAGEENABLE
  D:00A0H         SYMBOL        PPAGE_SFR
  D:0081H         SYMBOL        SP
  C:001EH         SYMBOL        STARTUP1
BL51 BANKED LINKER/LOCATER V6.22.4.0                                                  05/20/2025  20:27:23  PAGE 3


  N:0000H         SYMBOL        XBPSTACK
  N:0000H         SYMBOL        XBPSTACKTOP
  N:0000H         SYMBOL        XDATALEN
  N:0000H         SYMBOL        XDATASTART
  C:0000H         LINE#         126
  C:001EH         LINE#         133
  C:0020H         LINE#         134
  C:0021H         LINE#         135
  C:0022H         LINE#         136
  C:0024H         LINE#         185
  C:0027H         LINE#         196
  -------         ENDMOD        ?C_STARTUP

  -------         MODULE        DISPLAY
  C:0000H         SYMBOL        _ICE_DUMMY_
  D:0080H         PUBLIC        P0
  D:0090H         PUBLIC        P1
  D:00A0H         PUBLIC        P2
  D:00B0H         PUBLIC        P3
  D:00C0H         PUBLIC        P4
  D:00C8H         PUBLIC        P5
  D:00E8H         PUBLIC        P6
  D:00F8H         PUBLIC        P7
  D:00A8H         PUBLIC        IE
  C:019EH         PUBLIC        letter
  D:00B8H         PUBLIC        IP
  C:012CH         PUBLIC        seg_display
  D:00D8H         PUBLIC        CCON
  D:0009H         PUBLIC        led_data
  D:0098H         PUBLIC        SCON
  D:0088H         PUBLIC        TCON
  D:0011H         SYMBOL        randz_last
  D:0012H         PUBLIC        seg_data
  D:00F0H         PUBLIC        B
  D:00E0H         PUBLIC        ACC
  D:001AH         SYMBOL        randz_now
  C:01EDH         PUBLIC        _set_seg_value
  D:00D0H         PUBLIC        PSW
  -------         PROC          _SET_SEG_VALUE
  D:0007H         SYMBOL        d0
  D:0004H         SYMBOL        d1
  D:0002H         SYMBOL        d2
  D:0020H         SYMBOL        d3
  D:0022H         SYMBOL        d4
  D:0024H         SYMBOL        d5
  D:0026H         SYMBOL        d6
  D:0028H         SYMBOL        d7
  C:01EDH         LINE#         17
  C:01EDH         LINE#         18
  C:01EDH         LINE#         19
  C:01EFH         LINE#         20
  C:01F1H         LINE#         21
  C:01F3H         LINE#         22
  C:01F6H         LINE#         23
  C:01F9H         LINE#         24
  C:01FCH         LINE#         25
  C:01FFH         LINE#         26
BL51 BANKED LINKER/LOCATER V6.22.4.0                                                  05/20/2025  20:27:23  PAGE 4


  C:0202H         LINE#         27
  -------         ENDPROC       _SET_SEG_VALUE
  -------         PROC          SEG_DISPLAY
  -------         DO            
  D:0008H         SYMBOL        i
  -------         ENDDO         
  C:012CH         LINE#         56
  C:012CH         LINE#         57
  C:012CH         LINE#         60
  C:012FH         LINE#         61
  C:0134H         LINE#         63
  C:0143H         LINE#         64
  C:0148H         LINE#         66
  C:0155H         LINE#         67
  C:015AH         LINE#         69
  C:015CH         LINE#         70
  C:0164H         LINE#         71
  -------         ENDPROC       SEG_DISPLAY
  -------         ENDMOD        DISPLAY

  -------         MODULE        MACHINE
  C:0000H         SYMBOL        _ICE_DUMMY_
  D:0093H         PUBLIC        P0M1
  D:0092H         PUBLIC        P1M0
  D:0096H         PUBLIC        P2M0
  D:0091H         PUBLIC        P1M1
  D:0080H         PUBLIC        P0
  D:00B2H         PUBLIC        P3M0
  D:0095H         PUBLIC        P2M1
  D:0090H         PUBLIC        P1
  D:00B4H         PUBLIC        P4M0
  D:00B1H         PUBLIC        P3M1
  D:00A0H         PUBLIC        P2
  D:00CAH         PUBLIC        P5M0
  D:00B3H         PUBLIC        P4M1
  D:00B0H         PUBLIC        P3
  D:00CCH         PUBLIC        P6M0
  D:00C9H         PUBLIC        P5M1
  D:00C0H         PUBLIC        P4
  C:0165H         PUBLIC        _batch
  D:00E2H         PUBLIC        P7M0
  D:00CBH         PUBLIC        P6M1
  D:00C8H         PUBLIC        P5
  D:00E8H         PUBLIC        P6
  D:00E1H         PUBLIC        P7M1
  D:00F8H         PUBLIC        P7
  D:00A8H         PUBLIC        IE
  D:00B8H         PUBLIC        IP
  D:00D8H         PUBLIC        CCON
  C:0203H         PUBLIC        Timer1_Init
  D:0098H         PUBLIC        SCON
  D:0089H         PUBLIC        TMOD
  D:0088H         PUBLIC        TCON
  D:00F0H         PUBLIC        B
  D:008EH         PUBLIC        AUXR
  D:00E0H         PUBLIC        ACC
  B:00A8H.3       PUBLIC        ET1
BL51 BANKED LINKER/LOCATER V6.22.4.0                                                  05/20/2025  20:27:23  PAGE 5


  B:0088H.7       PUBLIC        TF1
  D:008DH         PUBLIC        TH1
  D:008BH         PUBLIC        TL1
  B:0088H.6       PUBLIC        TR1
  C:00EEH         PUBLIC        clean_display
  C:0216H         PUBLIC        Delay500ms
  D:00D0H         PUBLIC        PSW
  D:0094H         PUBLIC        P0M0
  -------         PROC          CLEAN_DISPLAY
  C:00EEH         LINE#         3
  C:00EEH         LINE#         4
  C:00EEH         LINE#         5
  C:00F3H         LINE#         6
  C:00F7H         LINE#         7
  C:00FBH         LINE#         8
  C:00FFH         LINE#         9
  C:0103H         LINE#         10
  C:0107H         LINE#         11
  C:010BH         LINE#         12
  C:010FH         LINE#         14
  C:0112H         LINE#         15
  C:0117H         LINE#         16
  C:011CH         LINE#         19
  C:011FH         LINE#         20
  C:0124H         LINE#         22
  C:0127H         LINE#         23
  -------         ENDPROC       CLEAN_DISPLAY
  -------         PROC          _BATCH
  D:0007H         SYMBOL        i
  C:0165H         LINE#         26
  C:0165H         LINE#         27
  C:0165H         LINE#         28
  C:0174H         LINE#         29
  C:0174H         LINE#         30
  C:017EH         LINE#         31
  C:0188H         LINE#         32
  C:0192H         LINE#         33
  C:019AH         LINE#         35
  C:019AH         LINE#         36
  C:019DH         LINE#         37
  -------         ENDPROC       _BATCH
  -------         PROC          TIMER1_INIT
  C:0203H         LINE#         39
  C:0203H         LINE#         40
  C:0203H         LINE#         41
  C:0206H         LINE#         42
  C:0209H         LINE#         43
  C:020CH         LINE#         44
  C:020FH         LINE#         45
  C:0211H         LINE#         46
  C:0213H         LINE#         47
  C:0215H         LINE#         48
  -------         ENDPROC       TIMER1_INIT
  -------         PROC          DELAY500MS
  -------         DO            
  D:0007H         SYMBOL        i
  D:0006H         SYMBOL        j
BL51 BANKED LINKER/LOCATER V6.22.4.0                                                  05/20/2025  20:27:23  PAGE 6


  D:0005H         SYMBOL        k
  -------         ENDDO         
  C:0216H         LINE#         51
  C:0216H         LINE#         52
  C:0216H         LINE#         55
  C:0217H         LINE#         56
  C:0218H         LINE#         57
  C:021AH         LINE#         58
  C:021CH         LINE#         59
  C:021EH         LINE#         61
  C:021EH         LINE#         63
  C:021EH         LINE#         64
  C:0220H         LINE#         65
  C:0222H         LINE#         66
  C:0224H         LINE#         67
  -------         ENDPROC       DELAY500MS
  -------         ENDMOD        MACHINE

  -------         MODULE        MAIN
  C:0000H         SYMBOL        _ICE_DUMMY_
  D:0080H         PUBLIC        P0
  D:0090H         PUBLIC        P1
  D:00A0H         PUBLIC        P2
  D:00B0H         PUBLIC        P3
  D:00C0H         PUBLIC        P4
  D:00C8H         PUBLIC        P5
  D:00E8H         PUBLIC        P6
  B:00A8H.7       PUBLIC        EA
  D:00F8H         PUBLIC        P7
  C:00AAH         PUBLIC        timer_1_interrupt
  D:00A8H         PUBLIC        IE
  C:01C9H         PUBLIC        display_task
  D:00B8H         PUBLIC        IP
  D:002AH         PUBLIC        state
  D:00D8H         PUBLIC        CCON
  C:023AH         PUBLIC        main
  D:0098H         PUBLIC        SCON
  D:0088H         PUBLIC        TCON
  D:00F0H         PUBLIC        B
  D:00E0H         PUBLIC        ACC
  C:0231H         PUBLIC        boot_init
  C:0225H         PUBLIC        task_loop
  D:00D0H         PUBLIC        PSW
  -------         PROC          MAIN
  C:023AH         LINE#         27
  C:023AH         LINE#         28
  C:023AH         LINE#         30
  C:023DH         LINE#         32
  C:023DH         LINE#         33
  C:023DH         LINE#         34
  C:0240H         LINE#         35
  -------         ENDPROC       MAIN
  -------         PROC          BOOT_INIT
  C:0231H         LINE#         38
  C:0231H         LINE#         39
  C:0231H         LINE#         40
  C:0234H         LINE#         42
BL51 BANKED LINKER/LOCATER V6.22.4.0                                                  05/20/2025  20:27:23  PAGE 7


  C:0237H         LINE#         43
  C:0239H         LINE#         46
  -------         ENDPROC       BOOT_INIT
  -------         PROC          TASK_LOOP
  C:0225H         LINE#         48
  C:0225H         LINE#         49
  C:0225H         LINE#         51
  C:022AH         LINE#         52
  C:022AH         LINE#         53
  C:022DH         LINE#         54
  C:0230H         LINE#         55
  C:0230H         LINE#         56
  -------         ENDPROC       TASK_LOOP
  -------         PROC          TIMER_1_INTERRUPT
  C:00AAH         LINE#         58
  C:00C7H         LINE#         60
  C:00D0H         LINE#         61
  C:00D3H         LINE#         62
  -------         ENDPROC       TIMER_1_INTERRUPT
  -------         PROC          DISPLAY_TASK
  C:01C9H         LINE#         67
  C:01C9H         LINE#         68
  C:01C9H         LINE#         69
  C:01CDH         LINE#         70
  C:01CDH         LINE#         71
  C:01CDH         LINE#         72
  C:01CDH         LINE#         73
  C:01ECH         LINE#         74
  C:01ECH         LINE#         75
  C:01ECH         LINE#         81
  C:01ECH         LINE#         82
  -------         ENDPROC       DISPLAY_TASK
  -------         ENDMOD        MAIN

*** WARNING L16: UNCALLED SEGMENT, IGNORED FOR OVERLAY PROCESS
    SEGMENT: ?PR?DELAY500MS?MACHINE

Program Size: data=45.0 xdata=0 code=578
LINK/LOCATE RUN COMPLETE.  1 WARNING(S),  0 ERROR(S)
