BL51 BANKED LINKER/LOCATER V6.22.4.0                                                    06/02/2025  19:16:56  PAGE 1


BL51 BANKED LINKER/LOCATER V6.22.4.0, INVOKED BY:
C:\KEIL_V5\C51\BIN\BL51.EXE .\Objects\STARTUP.obj, .\Objects\display.obj, .\Objects\machine.obj, .\Objects\main.obj, .\O
>> bjects\uart.obj, .\Objects\key.obj, .\Objects\sonic.obj TO .\Objects\5.19 PRINT (.\Listings\5.m51) RAMSIZE (256)


MEMORY MODEL: SMALL WITH FLOATING POINT ARITHMETIC


INPUT MODULES INCLUDED:
  .\Objects\STARTUP.obj (?C_STARTUP)
  .\Objects\display.obj (DISPLAY)
  .\Objects\machine.obj (MACHINE)
  .\Objects\main.obj (MAIN)
  .\Objects\uart.obj (UART)
  .\Objects\key.obj (KEY)
  .\Objects\sonic.obj (SONIC)
  C:\KEIL_V5\C51\LIB\C51FPS.LIB (?C?FPMUL)
  C:\KEIL_V5\C51\LIB\C51FPS.LIB (?C?FCAST)
  C:\KEIL_V5\C51\LIB\C51FPS.LIB (?C?CASTF)
  C:\KEIL_V5\C51\LIB\C51FPS.LIB (PRINTF)
  C:\KEIL_V5\C51\LIB\C51FPS.LIB (?C?FPGETOPN)
  C:\KEIL_V5\C51\LIB\C51FPS.LIB (?C?FPROUND)
  C:\KEIL_V5\C51\LIB\C51FPS.LIB (?C?FPCONVERT)
  C:\KEIL_V5\C51\LIB\C51FPS.LIB (?C?FPADD)
  C:\KEIL_V5\C51\LIB\C51FPS.LIB (?C?FPDIV)
  C:\KEIL_V5\C51\LIB\C51FPS.LIB (?C?FTNPWR)
  C:\KEIL_V5\C51\LIB\C51S.LIB (?C_INIT)
  C:\KEIL_V5\C51\LIB\C51S.LIB (?C?CLDPTR)
  C:\KEIL_V5\C51\LIB\C51S.LIB (?C?CLDOPTR)
  C:\KEIL_V5\C51\LIB\C51S.LIB (?C?CSTPTR)
  C:\KEIL_V5\C51\LIB\C51S.LIB (?C?IMUL)
  C:\KEIL_V5\C51\LIB\C51S.LIB (?C?UIDIV)
  C:\KEIL_V5\C51\LIB\C51S.LIB (?C?LNEG)
  C:\KEIL_V5\C51\LIB\C51S.LIB (?C?LLDCODE)
  C:\KEIL_V5\C51\LIB\C51S.LIB (?C?PLDIIDATA)
  C:\KEIL_V5\C51\LIB\C51S.LIB (?C?CCASE)
  C:\KEIL_V5\C51\LIB\C51S.LIB (PUTCHAR)


LINK MAP OF MODULE:  .\Objects\5.19 (?C_STARTUP)


            TYPE    BASE      LENGTH    RELOCATION   SEGMENT NAME
            -----------------------------------------------------

            * * * * * * *   D A T A   M E M O R Y   * * * * * * *
            REG     0000H     0008H     ABSOLUTE     "REG BANK 0"
            DATA    0008H     0014H     UNIT         ?DT?MAIN
            DATA    001CH     0003H     UNIT         ?DT?KEY
            DATA    001FH     0001H     UNIT         ?DT?MEASURETIMER1?SONIC
            BIT     0020H.0   0001H.1   UNIT         _BIT_GROUP_
                    0021H.1   0000H.7                *** GAP ***
            DATA    0022H     0030H     UNIT         _DATA_GROUP_
            DATA    0052H     0013H     UNIT         ?DT?DISPLAY
            IDATA   0065H     0001H     UNIT         ?STACK

            * * * * * * *   C O D E   M E M O R Y   * * * * * * *
            CODE    0000H     0003H     ABSOLUTE     
BL51 BANKED LINKER/LOCATER V6.22.4.0                                                  06/02/2025  19:16:56  PAGE 2


            CODE    0003H     0018H     UNIT         ?C_INITSEG
            CODE    001BH     0003H     ABSOLUTE     
            CODE    001EH     0001H     UNIT         ?PR?UART_TASK?MAIN
                    001FH     0004H                  *** GAP ***
            CODE    0023H     0003H     ABSOLUTE     
            CODE    0026H     0612H     UNIT         ?C?LIB_CODE
            CODE    0638H     046FH     UNIT         ?PR?PRINTF?PRINTF
            CODE    0AA7H     011EH     UNIT         ?PR?KEY_SCAN?KEY
            CODE    0BC5H     008CH     UNIT         ?C_C51STARTUP
            CODE    0C51H     0073H     UNIT         ?PR?TIMER_1_INTERRUPT?MAIN
            CODE    0CC4H     004AH     UNIT         ?PR?DISPLAY_TASK?MAIN
            CODE    0D0EH     0043H     UNIT         ?PR?MEASUREPCA?SONIC
            CODE    0D51H     003EH     UNIT         ?PR?_SET_SEG_LIST?DISPLAY
            CODE    0D8FH     003EH     UNIT         ?PR?CLEAN_DISPLAY?MACHINE
            CODE    0DCDH     003EH     UNIT         ?PR?MEASURETIMER1?SONIC
            CODE    0E0BH     003AH     UNIT         ?PR?MAIN?MAIN
            CODE    0E45H     0039H     UNIT         ?PR?SEG_DISPLAY?DISPLAY
            CODE    0E7EH     0039H     UNIT         ?PR?_latch?MACHINE
            CODE    0EB7H     0039H     UNIT         ?PR?TASK_LOOP?MAIN
            CODE    0EF0H     002CH     UNIT         ?CO?MAIN
            CODE    0F1CH     002BH     UNIT         ?CO?DISPLAY
            CODE    0F47H     0027H     UNIT         ?PR?PUTCHAR?PUTCHAR
            CODE    0F6EH     0016H     UNIT         ?PR?_SET_SEG_VALUE?DISPLAY
            CODE    0F84H     0016H     UNIT         ?PR?_UART_SEND?UART
            CODE    0F9AH     0015H     UNIT         ?PR?UART1_INIT?UART
            CODE    0FAFH     0013H     UNIT         ?PR?TIMER1_INIT?MACHINE
            CODE    0FC2H     000FH     UNIT         ?PR?DELAY500MS?MACHINE
            CODE    0FD1H     000FH     UNIT         ?PR?BOOT_INIT?MAIN
            CODE    0FE0H     000FH     UNIT         ?PR?PCAINIT?SONIC
            CODE    0FEFH     000BH     UNIT         ?PR?UART1_ISR?UART
            CODE    0FFAH     000AH     UNIT         ?PR?SENDSONIC?SONIC
            CODE    1004H     0008H     UNIT         ?PR?SONIC_TASK?MAIN
            CODE    100CH     0007H     UNIT         ?PR?DELAY14US?MACHINE
            CODE    1013H     0006H     UNIT         ?PR?KEY_TASK?MAIN



OVERLAY MAP OF MODULE:   .\Objects\5.19 (?C_STARTUP)


SEGMENT                               BIT_GROUP          DATA_GROUP 
  +--> CALLED SEGMENT              START    LENGTH     START    LENGTH
----------------------------------------------------------------------
?C_C51STARTUP                      -----    -----      -----    -----
  +--> ?PR?MAIN?MAIN
  +--> ?C_INITSEG

?PR?MAIN?MAIN                      -----    -----      0022H    0014H
  +--> ?PR?BOOT_INIT?MAIN
  +--> ?CO?MAIN
  +--> ?PR?_UART_SEND?UART
  +--> ?PR?PRINTF?PRINTF
  +--> ?PR?TASK_LOOP?MAIN

?PR?BOOT_INIT?MAIN                 -----    -----      -----    -----
  +--> ?PR?CLEAN_DISPLAY?MACHINE
  +--> ?PR?TIMER1_INIT?MACHINE
BL51 BANKED LINKER/LOCATER V6.22.4.0                                                  06/02/2025  19:16:56  PAGE 3


  +--> ?PR?PCAINIT?SONIC
  +--> ?PR?UART1_INIT?UART

?PR?CLEAN_DISPLAY?MACHINE          -----    -----      -----    -----
  +--> ?PR?_latch?MACHINE

?PR?PRINTF?PRINTF                  0020H.0  0001H.1    0036H    001CH
  +--> ?PR?PUTCHAR?PUTCHAR

?PR?TASK_LOOP?MAIN                 -----    -----      -----    -----
  +--> ?PR?DISPLAY_TASK?MAIN
  +--> ?PR?UART_TASK?MAIN
  +--> ?PR?KEY_TASK?MAIN
  +--> ?PR?SONIC_TASK?MAIN

?PR?DISPLAY_TASK?MAIN              -----    -----      -----    -----
  +--> ?PR?_SET_SEG_VALUE?DISPLAY

?PR?_SET_SEG_VALUE?DISPLAY         -----    -----      0036H    000FH

?PR?KEY_TASK?MAIN                  -----    -----      -----    -----
  +--> ?PR?KEY_SCAN?KEY

?PR?KEY_SCAN?KEY                   -----    -----      0036H    0002H

?PR?SONIC_TASK?MAIN                -----    -----      -----    -----
  +--> ?PR?MEASUREPCA?SONIC

?PR?MEASUREPCA?SONIC               -----    -----      0036H    0002H
  +--> ?PR?SENDSONIC?SONIC

?PR?SENDSONIC?SONIC                -----    -----      -----    -----
  +--> ?PR?DELAY14US?MACHINE

*** NEW ROOT ***************************************************

?PR?TIMER_1_INTERRUPT?MAIN         -----    -----      -----    -----
  +--> ?PR?SEG_DISPLAY?DISPLAY

?PR?SEG_DISPLAY?DISPLAY            -----    -----      -----    -----
  +--> ?PR?_latch?MACHINE
  +--> ?CO?DISPLAY



SYMBOL TABLE OF MODULE:  .\Objects\5.19 (?C_STARTUP)

  VALUE           TYPE          NAME
  ----------------------------------

  -------         MODULE        ?C_STARTUP
  C:0BC5H         SEGMENT       ?C_C51STARTUP
  I:0065H         SEGMENT       ?STACK
  C:0000H         PUBLIC        ?C_STARTUP
  D:00E0H         SYMBOL        ACC
  D:00F0H         SYMBOL        B
  D:0083H         SYMBOL        DPH
BL51 BANKED LINKER/LOCATER V6.22.4.0                                                  06/02/2025  19:16:56  PAGE 4


  D:0082H         SYMBOL        DPL
  N:0000H         SYMBOL        IBPSTACK
  N:0100H         SYMBOL        IBPSTACKTOP
  N:0080H         SYMBOL        IDATALEN
  C:0BC8H         SYMBOL        IDATALOOP
  N:0000H         SYMBOL        PBPSTACK
  N:0100H         SYMBOL        PBPSTACKTOP
  N:0000H         SYMBOL        PDATALEN
  N:0000H         SYMBOL        PDATASTART
  N:0000H         SYMBOL        PPAGE
  N:0000H         SYMBOL        PPAGEENABLE
  D:00A0H         SYMBOL        PPAGE_SFR
  D:0081H         SYMBOL        SP
  C:0BC5H         SYMBOL        STARTUP1
  N:0000H         SYMBOL        XBPSTACK
  N:0000H         SYMBOL        XBPSTACKTOP
  N:0000H         SYMBOL        XDATALEN
  N:0000H         SYMBOL        XDATASTART
  C:0000H         LINE#         126
  C:0BC5H         LINE#         133
  C:0BC7H         LINE#         134
  C:0BC8H         LINE#         135
  C:0BC9H         LINE#         136
  C:0BCBH         LINE#         185
  C:0BCEH         LINE#         196
  -------         ENDMOD        ?C_STARTUP

  -------         MODULE        DISPLAY
  C:0000H         SYMBOL        _ICE_DUMMY_
  D:0080H         PUBLIC        P0
  D:0090H         PUBLIC        P1
  D:00A0H         PUBLIC        P2
  D:00B0H         PUBLIC        P3
  D:00C0H         PUBLIC        P4
  D:00C8H         PUBLIC        P5
  D:00E8H         PUBLIC        P6
  D:00F8H         PUBLIC        P7
  C:0D51H         PUBLIC        _set_seg_list
  D:00A8H         PUBLIC        IE
  C:0F1CH         PUBLIC        letter
  D:00B8H         PUBLIC        IP
  C:0E45H         PUBLIC        seg_display
  D:00D8H         PUBLIC        CCON
  D:0053H         PUBLIC        led_data
  D:0098H         PUBLIC        SCON
  D:0088H         PUBLIC        TCON
  D:005BH         SYMBOL        randz_last
  D:005CH         PUBLIC        seg_data
  D:00F0H         PUBLIC        B
  D:00E0H         PUBLIC        ACC
  D:0064H         SYMBOL        randz_now
  C:0F6EH         PUBLIC        _set_seg_value
  D:00D0H         PUBLIC        PSW
  -------         PROC          _SET_SEG_VALUE
  D:0007H         SYMBOL        d0
  D:0004H         SYMBOL        d1
  D:0002H         SYMBOL        d2
BL51 BANKED LINKER/LOCATER V6.22.4.0                                                  06/02/2025  19:16:56  PAGE 5


  D:003BH         SYMBOL        d3
  D:003DH         SYMBOL        d4
  D:003FH         SYMBOL        d5
  D:0041H         SYMBOL        d6
  D:0043H         SYMBOL        d7
  C:0F6EH         LINE#         17
  C:0F6EH         LINE#         18
  C:0F6EH         LINE#         19
  C:0F70H         LINE#         20
  C:0F72H         LINE#         21
  C:0F74H         LINE#         22
  C:0F77H         LINE#         23
  C:0F7AH         LINE#         24
  C:0F7DH         LINE#         25
  C:0F80H         LINE#         26
  C:0F83H         LINE#         27
  -------         ENDPROC       _SET_SEG_VALUE
  -------         PROC          _SET_SEG_LIST
  D:0001H         SYMBOL        list
  C:0D51H         LINE#         29
  C:0D51H         LINE#         30
  C:0D51H         LINE#         31
  C:0D56H         LINE#         32
  C:0D5EH         LINE#         33
  C:0D66H         LINE#         34
  C:0D6EH         LINE#         35
  C:0D76H         LINE#         36
  C:0D7EH         LINE#         37
  C:0D86H         LINE#         38
  C:0D8EH         LINE#         40
  -------         ENDPROC       _SET_SEG_LIST
  -------         PROC          SEG_DISPLAY
  -------         DO            
  D:0052H         SYMBOL        i
  -------         ENDDO         
  C:0E45H         LINE#         56
  C:0E45H         LINE#         57
  C:0E45H         LINE#         60
  C:0E48H         LINE#         61
  C:0E4DH         LINE#         63
  C:0E5CH         LINE#         64
  C:0E61H         LINE#         66
  C:0E6EH         LINE#         67
  C:0E73H         LINE#         69
  C:0E75H         LINE#         70
  C:0E7DH         LINE#         71
  -------         ENDPROC       SEG_DISPLAY
  -------         ENDMOD        DISPLAY

  -------         MODULE        MACHINE
  C:0000H         SYMBOL        _ICE_DUMMY_
  D:0093H         PUBLIC        P0M1
  D:0092H         PUBLIC        P1M0
  D:0096H         PUBLIC        P2M0
  D:0091H         PUBLIC        P1M1
  D:0080H         PUBLIC        P0
  D:00B2H         PUBLIC        P3M0
BL51 BANKED LINKER/LOCATER V6.22.4.0                                                  06/02/2025  19:16:56  PAGE 6


  D:0095H         PUBLIC        P2M1
  D:0090H         PUBLIC        P1
  D:00B4H         PUBLIC        P4M0
  D:00B1H         PUBLIC        P3M1
  D:00A0H         PUBLIC        P2
  D:00CAH         PUBLIC        P5M0
  D:00B3H         PUBLIC        P4M1
  D:00B0H         PUBLIC        P3
  D:00CCH         PUBLIC        P6M0
  D:00C9H         PUBLIC        P5M1
  D:00C0H         PUBLIC        P4
  C:0E7EH         PUBLIC        _latch
  D:00E2H         PUBLIC        P7M0
  D:00CBH         PUBLIC        P6M1
  D:00C8H         PUBLIC        P5
  D:00E8H         PUBLIC        P6
  D:00E1H         PUBLIC        P7M1
  D:00F8H         PUBLIC        P7
  D:00A8H         PUBLIC        IE
  D:00B8H         PUBLIC        IP
  D:00D8H         PUBLIC        CCON
  C:0FAFH         PUBLIC        Timer1_Init
  D:0098H         PUBLIC        SCON
  D:0089H         PUBLIC        TMOD
  D:0088H         PUBLIC        TCON
  C:100CH         PUBLIC        Delay14us
  D:00F0H         PUBLIC        B
  D:008EH         PUBLIC        AUXR
  D:00E0H         PUBLIC        ACC
  B:00A8H.3       PUBLIC        ET1
  B:0088H.7       PUBLIC        TF1
  D:008DH         PUBLIC        TH1
  D:008BH         PUBLIC        TL1
  B:0088H.6       PUBLIC        TR1
  C:0D8FH         PUBLIC        clean_display
  C:0FC2H         PUBLIC        Delay500ms
  D:00D0H         PUBLIC        PSW
  D:0094H         PUBLIC        P0M0
  -------         PROC          CLEAN_DISPLAY
  C:0D8FH         LINE#         3
  C:0D8FH         LINE#         4
  C:0D8FH         LINE#         5
  C:0D94H         LINE#         6
  C:0D98H         LINE#         7
  C:0D9CH         LINE#         8
  C:0DA0H         LINE#         9
  C:0DA4H         LINE#         10
  C:0DA8H         LINE#         11
  C:0DACH         LINE#         12
  C:0DB0H         LINE#         14
  C:0DB3H         LINE#         15
  C:0DB8H         LINE#         16
  C:0DBDH         LINE#         19
  C:0DC0H         LINE#         20
  C:0DC5H         LINE#         22
  C:0DC8H         LINE#         23
  -------         ENDPROC       CLEAN_DISPLAY
BL51 BANKED LINKER/LOCATER V6.22.4.0                                                  06/02/2025  19:16:56  PAGE 7


  -------         PROC          _latch
  D:0007H         SYMBOL        i
  C:0E7EH         LINE#         26
  C:0E7EH         LINE#         27
  C:0E7EH         LINE#         28
  C:0E8DH         LINE#         29
  C:0E8DH         LINE#         30
  C:0E97H         LINE#         31
  C:0EA1H         LINE#         32
  C:0EABH         LINE#         33
  C:0EB3H         LINE#         35
  C:0EB3H         LINE#         36
  C:0EB6H         LINE#         37
  -------         ENDPROC       _latch
  -------         PROC          TIMER1_INIT
  C:0FAFH         LINE#         40
  C:0FAFH         LINE#         41
  C:0FAFH         LINE#         42
  C:0FB2H         LINE#         43
  C:0FB5H         LINE#         44
  C:0FB8H         LINE#         45
  C:0FBBH         LINE#         46
  C:0FBDH         LINE#         47
  C:0FBFH         LINE#         48
  C:0FC1H         LINE#         49
  -------         ENDPROC       TIMER1_INIT
  -------         PROC          DELAY500MS
  -------         DO            
  D:0007H         SYMBOL        i
  D:0006H         SYMBOL        j
  D:0005H         SYMBOL        k
  -------         ENDDO         
  C:0FC2H         LINE#         52
  C:0FC2H         LINE#         53
  C:0FC2H         LINE#         56
  C:0FC3H         LINE#         57
  C:0FC4H         LINE#         58
  C:0FC6H         LINE#         59
  C:0FC8H         LINE#         60
  C:0FCAH         LINE#         62
  C:0FCAH         LINE#         64
  C:0FCAH         LINE#         65
  C:0FCCH         LINE#         66
  C:0FCEH         LINE#         67
  C:0FD0H         LINE#         68
  -------         ENDPROC       DELAY500MS
  -------         PROC          DELAY14US
  -------         DO            
  D:0007H         SYMBOL        i
  -------         ENDDO         
  C:100CH         LINE#         70
  C:100CH         LINE#         71
  C:100CH         LINE#         74
  C:100DH         LINE#         75
  C:100EH         LINE#         76
  C:1010H         LINE#         77
  C:1012H         LINE#         78
BL51 BANKED LINKER/LOCATER V6.22.4.0                                                  06/02/2025  19:16:56  PAGE 8


  -------         ENDPROC       DELAY14US
  -------         ENDMOD        MACHINE

  -------         MODULE        MAIN
  C:0000H         SYMBOL        _ICE_DUMMY_
  D:0080H         PUBLIC        P0
  D:0090H         PUBLIC        P1
  D:00A0H         PUBLIC        P2
  D:00B0H         PUBLIC        P3
  D:00C0H         PUBLIC        P4
  D:00C8H         PUBLIC        P5
  D:00E8H         PUBLIC        P6
  B:00A8H.7       PUBLIC        EA
  D:00F8H         PUBLIC        P7
  C:0C51H         PUBLIC        timer_1_interrupt
  C:0F18H         PUBLIC        number
  D:00A8H         PUBLIC        IE
  C:0CC4H         PUBLIC        display_task
  D:00B8H         PUBLIC        IP
  D:0008H         PUBLIC        sonic
  D:000CH         PUBLIC        state
  D:00D8H         PUBLIC        CCON
  C:0E0BH         PUBLIC        main
  D:000EH         PUBLIC        calculator
  D:0098H         PUBLIC        SCON
  C:1004H         PUBLIC        sonic_task
  D:0088H         PUBLIC        TCON
  D:0018H         PUBLIC        uart
  D:00F0H         PUBLIC        B
  D:00E0H         PUBLIC        ACC
  D:001AH         PUBLIC        key
  C:0FD1H         PUBLIC        boot_init
  C:0EB7H         PUBLIC        task_loop
  C:001EH         PUBLIC        uart_task
  C:0F10H         PUBLIC        str
  C:1013H         PUBLIC        key_task
  D:00D0H         PUBLIC        PSW
  -------         PROC          TASK_LOOP
  C:0EB7H         LINE#         58
  C:0EB7H         LINE#         59
  C:0EB7H         LINE#         61
  C:0EBCH         LINE#         62
  C:0EBCH         LINE#         63
  C:0EBFH         LINE#         64
  C:0EC2H         LINE#         65
  C:0EC2H         LINE#         67
  C:0ECCH         LINE#         68
  C:0ECCH         LINE#         69
  C:0ECFH         LINE#         70
  C:0ED4H         LINE#         71
  C:0ED4H         LINE#         73
  C:0ED9H         LINE#         74
  C:0ED9H         LINE#         75
  C:0EDCH         LINE#         76
  C:0EDFH         LINE#         77
  C:0EDFH         LINE#         79
  C:0EE7H         LINE#         80
BL51 BANKED LINKER/LOCATER V6.22.4.0                                                  06/02/2025  19:16:56  PAGE 9


  C:0EE7H         LINE#         81
  C:0EEAH         LINE#         82
  C:0EEFH         LINE#         83
  C:0EEFH         LINE#         84
  -------         ENDPROC       TASK_LOOP
  -------         PROC          TIMER_1_INTERRUPT
  C:0C51H         LINE#         86
  C:0C6EH         LINE#         90
  C:0C77H         LINE#         92
  C:0C8AH         LINE#         94
  C:0C93H         LINE#         96
  C:0CA6H         LINE#         98
  C:0CA9H         LINE#         99
  -------         ENDPROC       TIMER_1_INTERRUPT
  -------         PROC          DISPLAY_TASK
  C:0CC4H         LINE#         104
  C:0CC4H         LINE#         105
  C:0CC4H         LINE#         106
  C:0CC8H         LINE#         107
  C:0CC8H         LINE#         108
  C:0CC8H         LINE#         109
  C:0CC8H         LINE#         110
  C:0D0DH         LINE#         111
  C:0D0DH         LINE#         112
  C:0D0DH         LINE#         115
  C:0D0DH         LINE#         116
  -------         ENDPROC       DISPLAY_TASK
  -------         PROC          UART_TASK
  C:001EH         LINE#         118
  C:001EH         LINE#         119
  C:001EH         LINE#         121
  -------         ENDPROC       UART_TASK
  -------         PROC          KEY_TASK
  C:1013H         LINE#         124
  C:1013H         LINE#         125
  C:1013H         LINE#         126
  C:1018H         LINE#         127
  -------         ENDPROC       KEY_TASK
  -------         PROC          SONIC_TASK
  C:1004H         LINE#         129
  C:1004H         LINE#         130
  C:1004H         LINE#         131
  C:100BH         LINE#         132
  -------         ENDPROC       SONIC_TASK
  -------         PROC          MAIN
  -------         DO            
  D:0022H         SYMBOL        buf
  -------         ENDDO         
  C:0E0BH         LINE#         135
  C:0E0BH         LINE#         136
  C:0E0BH         LINE#         140
  C:0E0EH         LINE#         141
  C:0E17H         LINE#         143
  C:0E37H         LINE#         144
  C:0E40H         LINE#         146
  C:0E40H         LINE#         147
  C:0E40H         LINE#         148
BL51 BANKED LINKER/LOCATER V6.22.4.0                                                  06/02/2025  19:16:56  PAGE 10


  C:0E43H         LINE#         149
  -------         ENDPROC       MAIN
  -------         PROC          BOOT_INIT
  C:0FD1H         LINE#         152
  C:0FD1H         LINE#         153
  C:0FD1H         LINE#         154
  C:0FD4H         LINE#         156
  C:0FD7H         LINE#         157
  C:0FDAH         LINE#         158
  C:0FDDH         LINE#         159
  C:0FDFH         LINE#         162
  -------         ENDPROC       BOOT_INIT
  -------         ENDMOD        MAIN

  -------         MODULE        UART
  C:0000H         SYMBOL        _ICE_DUMMY_
  D:0080H         PUBLIC        P0
  D:0090H         PUBLIC        P1
  D:00A0H         PUBLIC        P2
  D:00B0H         PUBLIC        P3
  D:00C0H         PUBLIC        P4
  D:00C8H         PUBLIC        P5
  D:00E8H         PUBLIC        P6
  D:00F8H         PUBLIC        P7
  D:00A8H         PUBLIC        IE
  B:00A8H.4       PUBLIC        ES
  D:00B8H         PUBLIC        IP
  B:0098H.0       PUBLIC        RI
  B:0098H.1       PUBLIC        TI
  D:00D8H         PUBLIC        CCON
  D:0099H         PUBLIC        SBUF
  D:0098H         PUBLIC        SCON
  D:0088H         PUBLIC        TCON
  D:00F0H         PUBLIC        B
  D:008EH         PUBLIC        AUXR
  C:0F9AH         PUBLIC        Uart1_Init
  D:00E0H         PUBLIC        ACC
  C:0F84H         PUBLIC        _uart_send
  D:00D6H         PUBLIC        T2H
  D:00D7H         PUBLIC        T2L
  C:0FEFH         PUBLIC        Uart1_Isr
  D:00D0H         PUBLIC        PSW
  -------         PROC          UART1_ISR
  C:0FEFH         LINE#         4
  C:0FEFH         LINE#         6
  C:0FF2H         LINE#         7
  C:0FF2H         LINE#         8
  C:0FF4H         LINE#         9
  C:0FF4H         LINE#         10
  C:0FF7H         LINE#         11
  C:0FF7H         LINE#         12
  C:0FF9H         LINE#         13
  C:0FF9H         LINE#         14
  -------         ENDPROC       UART1_ISR
  -------         PROC          UART1_INIT
  C:0F9AH         LINE#         17
  C:0F9AH         LINE#         18
BL51 BANKED LINKER/LOCATER V6.22.4.0                                                  06/02/2025  19:16:56  PAGE 11


  C:0F9AH         LINE#         19
  C:0F9DH         LINE#         20
  C:0FA0H         LINE#         21
  C:0FA3H         LINE#         22
  C:0FA6H         LINE#         23
  C:0FA9H         LINE#         24
  C:0FACH         LINE#         25
  C:0FAEH         LINE#         26
  -------         ENDPROC       UART1_INIT
  -------         PROC          _UART_SEND
  D:0001H         SYMBOL        Data
  C:0F84H         LINE#         29
  C:0F84H         LINE#         30
  C:0F84H         LINE#         31
  C:0F89H         LINE#         32
  C:0F89H         LINE#         33
  C:0F8BH         LINE#         35
  C:0F8EH         LINE#         37
  C:0F90H         LINE#         39
  C:0F97H         LINE#         40
  C:0F99H         LINE#         41
  -------         ENDPROC       _UART_SEND
  -------         ENDMOD        UART

  -------         MODULE        KEY
  C:0000H         SYMBOL        _ICE_DUMMY_
  D:0080H         PUBLIC        P0
  D:0090H         PUBLIC        P1
  D:00A0H         PUBLIC        P2
  D:00B0H         PUBLIC        P3
  D:00C0H         PUBLIC        P4
  D:00C8H         PUBLIC        P5
  D:00E8H         PUBLIC        P6
  D:00F8H         PUBLIC        P7
  D:00A8H         PUBLIC        IE
  D:00B8H         PUBLIC        IP
  D:00D8H         PUBLIC        CCON
  D:0098H         PUBLIC        SCON
  D:0088H         PUBLIC        TCON
  B:00C0H.2       PUBLIC        P42
  B:00C0H.4       PUBLIC        P44
  B:00B0H.6       PUBLIC        P36
  B:00B0H.7       PUBLIC        P37
  D:00F0H         PUBLIC        B
  D:00E0H         PUBLIC        ACC
  C:0AA7H         PUBLIC        key_scan
  D:00D0H         PUBLIC        PSW
  -------         PROC          KEY_SCAN
  -------         DO            
  D:001CH         SYMBOL        state
  D:001DH         SYMBOL        i
  D:001EH         SYMBOL        value
  D:0036H         SYMBOL        press
  D:0037H         SYMBOL        temp
  -------         ENDDO         
  C:0AA7H         LINE#         3
  C:0AA7H         LINE#         4
BL51 BANKED LINKER/LOCATER V6.22.4.0                                                  06/02/2025  19:16:56  PAGE 12


  C:0AA7H         LINE#         6
  C:0AADH         LINE#         8
  C:0AB0H         LINE#         9
  C:0AB4H         LINE#         10
  C:0ABCH         LINE#         12
  C:0AC2H         LINE#         14
  C:0ADAH         LINE#         15
  C:0ADAH         LINE#         16
  C:0ADAH         LINE#         17
  C:0ADAH         LINE#         18
  C:0AE3H         LINE#         19
  C:0AE3H         LINE#         20
  C:0AE6H         LINE#         21
  C:0AE6H         LINE#         22
  C:0AE6H         LINE#         23
  C:0AE9H         LINE#         26
  C:0AE9H         LINE#         27
  C:0AE9H         LINE#         28
  C:0AEEH         LINE#         29
  C:0AEEH         LINE#         30
  C:0AEEH         LINE#         31
  C:0AF1H         LINE#         33
  C:0AF1H         LINE#         34
  C:0AF7H         LINE#         35
  C:0AFBH         LINE#         36
  C:0B03H         LINE#         38
  C:0B06H         LINE#         39
  C:0B09H         LINE#         41
  C:0B42H         LINE#         42
  C:0B42H         LINE#         43
  C:0B47H         LINE#         44
  C:0B4CH         LINE#         45
  C:0B51H         LINE#         46
  C:0B56H         LINE#         48
  C:0B5BH         LINE#         49
  C:0B60H         LINE#         50
  C:0B65H         LINE#         51
  C:0B6AH         LINE#         53
  C:0B6FH         LINE#         54
  C:0B74H         LINE#         55
  C:0B79H         LINE#         56
  C:0B7EH         LINE#         58
  C:0B83H         LINE#         59
  C:0B88H         LINE#         60
  C:0B8DH         LINE#         61
  C:0B92H         LINE#         63
  C:0B95H         LINE#         64
  C:0B95H         LINE#         65
  C:0B95H         LINE#         66
  C:0B95H         LINE#         67
  C:0B97H         LINE#         69
  C:0B97H         LINE#         70
  C:0B97H         LINE#         71
  C:0B9DH         LINE#         72
  C:0B9DH         LINE#         73
  C:0B9FH         LINE#         74
  C:0BA6H         LINE#         75
BL51 BANKED LINKER/LOCATER V6.22.4.0                                                  06/02/2025  19:16:56  PAGE 13


  C:0BA6H         LINE#         76
  C:0BA9H         LINE#         77
  C:0BA9H         LINE#         78
  C:0BABH         LINE#         80
  C:0BABH         LINE#         81
  C:0BAEH         LINE#         82
  C:0BB1H         LINE#         83
  C:0BB3H         LINE#         84
  C:0BB5H         LINE#         85
  C:0BB5H         LINE#         86
  C:0BB5H         LINE#         87
  C:0BB7H         LINE#         89
  C:0BB7H         LINE#         90
  C:0BB7H         LINE#         91
  C:0BBDH         LINE#         92
  C:0BC0H         LINE#         93
  C:0BC2H         LINE#         94
  C:0BC2H         LINE#         95
  C:0BC2H         LINE#         96
  C:0BC2H         LINE#         97
  C:0BC4H         LINE#         98
  -------         ENDPROC       KEY_SCAN
  -------         ENDMOD        KEY

  -------         MODULE        SONIC
  C:0000H         SYMBOL        _ICE_DUMMY_
  D:0080H         PUBLIC        P0
  D:0090H         PUBLIC        P1
  D:00A0H         PUBLIC        P2
  D:00B0H         PUBLIC        P3
  D:00C0H         PUBLIC        P4
  D:00C8H         PUBLIC        P5
  D:00E8H         PUBLIC        P6
  D:00F8H         PUBLIC        P7
  B:00D8H.7       PUBLIC        CF
  D:00F9H         PUBLIC        CH
  D:00A8H         PUBLIC        IE
  D:00E9H         PUBLIC        CL
  B:00D8H.6       PUBLIC        CR
  D:00B8H         PUBLIC        IP
  D:00D9H         PUBLIC        CMOD
  D:00D8H         PUBLIC        CCON
  C:0FFAH         PUBLIC        sendSonic
  C:0DCDH         PUBLIC        measureTimer1
  D:0098H         PUBLIC        SCON
  D:0088H         PUBLIC        TCON
  D:00F0H         PUBLIC        B
  D:00E0H         PUBLIC        ACC
  B:0088H.7       PUBLIC        TF1
  C:0D0EH         PUBLIC        measurePCA
  C:0FE0H         PUBLIC        pcaInit
  D:008DH         PUBLIC        TH1
  D:008BH         PUBLIC        TL1
  B:0088H.6       PUBLIC        TR1
  B:00B0H.1       PUBLIC        rx
  B:00B0H.0       PUBLIC        tx
  D:00D0H         PUBLIC        PSW
BL51 BANKED LINKER/LOCATER V6.22.4.0                                                  06/02/2025  19:16:56  PAGE 14


  -------         PROC          SENDSONIC
  C:0FFAH         LINE#         9
  C:0FFAH         LINE#         10
  C:0FFAH         LINE#         11
  C:0FFCH         LINE#         12
  C:0FFFH         LINE#         13
  C:1001H         LINE#         14
  -------         ENDPROC       SENDSONIC
  -------         PROC          MEASURETIMER1
  -------         DO            
  D:001FH         SYMBOL        distance
  -------         ENDDO         
  C:0DCDH         LINE#         33
  C:0DCDH         LINE#         34
  C:0DCDH         LINE#         37
  C:0DD1H         LINE#         38
  C:0DD6H         LINE#         40
  C:0DD9H         LINE#         42
  C:0DDCH         LINE#         43
  C:0DDEH         LINE#         44
  C:0DE4H         LINE#         45
  C:0DE6H         LINE#         47
  C:0DE9H         LINE#         48
  C:0DE9H         LINE#         49
  C:0DECH         LINE#         50
  C:0DEEH         LINE#         52
  C:0DEEH         LINE#         53
  C:0E08H         LINE#         55
  C:0E08H         LINE#         57
  C:0E0AH         LINE#         58
  -------         ENDPROC       MEASURETIMER1
  -------         PROC          PCAINIT
  C:0FE0H         LINE#         62
  C:0FE0H         LINE#         63
  C:0FE0H         LINE#         64
  C:0FE3H         LINE#         65
  C:0FE6H         LINE#         66
  C:0FEAH         LINE#         67
  C:0FECH         LINE#         68
  C:0FEEH         LINE#         69
  -------         ENDPROC       PCAINIT
  -------         PROC          MEASUREPCA
  -------         DO            
  D:0036H         SYMBOL        distance
  -------         ENDDO         
  C:0D0EH         LINE#         73
  C:0D0EH         LINE#         74
  C:0D0EH         LINE#         77
  C:0D13H         LINE#         78
  C:0D17H         LINE#         80
  C:0D1AH         LINE#         82
  C:0D1DH         LINE#         84
  C:0D1FH         LINE#         86
  C:0D25H         LINE#         88
  C:0D27H         LINE#         90
  C:0D2AH         LINE#         91
  C:0D2AH         LINE#         92
BL51 BANKED LINKER/LOCATER V6.22.4.0                                                  06/02/2025  19:16:56  PAGE 15


  C:0D30H         LINE#         93
  C:0D32H         LINE#         95
  C:0D32H         LINE#         96
  C:0D4CH         LINE#         97
  C:0D4CH         LINE#         99
  C:0D50H         LINE#         100
  -------         ENDPROC       MEASUREPCA
  -------         ENDMOD        SONIC

  -------         MODULE        ?C?FPMUL
  C:0026H         PUBLIC        ?C?FPMUL
  -------         ENDMOD        ?C?FPMUL

  -------         MODULE        ?C?FCAST
  C:0136H         PUBLIC        ?C?FCASTC
  C:0131H         PUBLIC        ?C?FCASTI
  C:012CH         PUBLIC        ?C?FCASTL
  -------         ENDMOD        ?C?FCAST

  -------         MODULE        ?C?CASTF
  C:016AH         PUBLIC        ?C?CASTF
  -------         ENDMOD        ?C?CASTF

  -------         MODULE        PRINTF
  D:0036H         PUBLIC        ?_PRINTF?BYTE
  D:0036H         PUBLIC        ?_SPRINTF?BYTE
  C:069AH         PUBLIC        _PRINTF
  C:0694H         PUBLIC        _SPRINTF
  -------         ENDMOD        PRINTF

  -------         MODULE        ?C?FPROUND
  C:01EBH         PUBLIC        ?C?FPROUND
  -------         ENDMOD        ?C?FPROUND

  -------         MODULE        ?C?FPCONVERT
  C:021AH         PUBLIC        ?C?FPCONVERT
  -------         ENDMOD        ?C?FPCONVERT

  -------         MODULE        ?C?FPADD
  C:0324H         PUBLIC        ?C?FPADD
  C:0320H         PUBLIC        ?C?FPSUB
  -------         ENDMOD        ?C?FPADD

  -------         MODULE        ?C?FPDIV
  C:0418H         PUBLIC        ?C?FPDIV
  -------         ENDMOD        ?C?FPDIV

  -------         MODULE        ?C?FTNPWR
  C:04E5H         PUBLIC        ?C?FTNPWR
  -------         ENDMOD        ?C?FTNPWR

  -------         MODULE        ?C?CLDPTR
  C:0525H         PUBLIC        ?C?CLDPTR
  -------         ENDMOD        ?C?CLDPTR

  -------         MODULE        ?C?CLDOPTR
  C:053EH         PUBLIC        ?C?CLDOPTR
BL51 BANKED LINKER/LOCATER V6.22.4.0                                                  06/02/2025  19:16:56  PAGE 16


  -------         ENDMOD        ?C?CLDOPTR

  -------         MODULE        ?C?CSTPTR
  C:056BH         PUBLIC        ?C?CSTPTR
  -------         ENDMOD        ?C?CSTPTR

  -------         MODULE        ?C?IMUL
  C:057DH         PUBLIC        ?C?IMUL
  -------         ENDMOD        ?C?IMUL

  -------         MODULE        ?C?UIDIV
  C:058FH         PUBLIC        ?C?UIDIV
  -------         ENDMOD        ?C?UIDIV

  -------         MODULE        ?C?LNEG
  C:05E4H         PUBLIC        ?C?LNEG
  -------         ENDMOD        ?C?LNEG

  -------         MODULE        ?C?LLDCODE
  C:05F2H         PUBLIC        ?C?LLDCODE
  -------         ENDMOD        ?C?LLDCODE

  -------         MODULE        ?C?PLDIIDATA
  C:0602H         PUBLIC        ?C?PLDIIDATA
  -------         ENDMOD        ?C?PLDIIDATA

  -------         MODULE        ?C?CCASE
  C:0612H         PUBLIC        ?C?CCASE
  -------         ENDMOD        ?C?CCASE

  -------         MODULE        PUTCHAR
  C:0F47H         PUBLIC        _PUTCHAR
  -------         ENDMOD        PUTCHAR

*** WARNING L16: UNCALLED SEGMENT, IGNORED FOR OVERLAY PROCESS
    SEGMENT: ?PR?_SET_SEG_LIST?DISPLAY

*** WARNING L16: UNCALLED SEGMENT, IGNORED FOR OVERLAY PROCESS
    SEGMENT: ?PR?DELAY500MS?MACHINE

*** WARNING L16: UNCALLED SEGMENT, IGNORED FOR OVERLAY PROCESS
    SEGMENT: ?PR?MEASURETIMER1?SONIC

Program Size: data=101.1 xdata=0 code=4117
LINK/LOCATE RUN COMPLETE.  3 WARNING(S),  0 ERROR(S)
