BL51 BANKED LINKER/LOCATER V6.22.4.0                                                    05/21/2025  18:47:28  PAGE 1


BL51 BANKED LINKER/LOCATER V6.22.4.0, INVOKED BY:
C:\KEIL_V5\C51\BIN\BL51.EXE .\Objects\STARTUP.obj, .\Objects\display.obj, .\Objects\machine.obj, .\Objects\main.obj, .\O
>> bjects\uart.obj TO .\Objects\5.19 PRINT (.\Listings\5.m51) RAMSIZE (256)


MEMORY MODEL: SMALL


INPUT MODULES INCLUDED:
  .\Objects\STARTUP.obj (?C_STARTUP)
  .\Objects\display.obj (DISPLAY)
  .\Objects\machine.obj (MACHINE)
  .\Objects\main.obj (MAIN)
  .\Objects\uart.obj (UART)
  C:\KEIL_V5\C51\LIB\C51S.LIB (?C_INIT)
  C:\KEIL_V5\C51\LIB\C51S.LIB (?C?CLDPTR)


LINK MAP OF MODULE:  .\Objects\5.19 (?C_STARTUP)


            TYPE    BASE      LENGTH    RELOCATION   SEGMENT NAME
            -----------------------------------------------------

            * * * * * * *   D A T A   M E M O R Y   * * * * * * *
            REG     0000H     0008H     ABSOLUTE     "REG BANK 0"
            DATA    0008H     0013H     UNIT         ?DT?DISPLAY
            DATA    001BH     000FH     UNIT         _DATA_GROUP_
            DATA    002AH     0004H     UNIT         ?DT?MAIN
            IDATA   002EH     0001H     UNIT         ?STACK

            * * * * * * *   C O D E   M E M O R Y   * * * * * * *
            CODE    0000H     0003H     ABSOLUTE     
            CODE    0003H     0018H     UNIT         ?C_INITSEG
            CODE    001BH     0003H     ABSOLUTE     
            CODE    001EH     0001H     UNIT         ?PR?UART_TASK?MAIN
                    001FH     0004H                  *** GAP ***
            CODE    0023H     0003H     ABSOLUTE     
            CODE    0026H     008CH     UNIT         ?C_C51STARTUP
            CODE    00B2H     0057H     UNIT         ?PR?TIMER_1_INTERRUPT?MAIN
            CODE    0109H     003EH     UNIT         ?PR?CLEAN_DISPLAY?MACHINE
            CODE    0147H     0039H     UNIT         ?PR?SEG_DISPLAY?DISPLAY
            CODE    0180H     0039H     UNIT         ?PR?_BATCH?MACHINE
            CODE    01B9H     002BH     UNIT         ?CO?DISPLAY
            CODE    01E4H     0024H     UNIT         ?PR?DISPLAY_TASK?MAIN
            CODE    0208H     0021H     UNIT         ?CO?MAIN
            CODE    0229H     001EH     UNIT         ?PR?TASK_LOOP?MAIN
            CODE    0247H     0019H     UNIT         ?C?LIB_CODE
            CODE    0260H     0016H     UNIT         ?PR?_SET_SEG_VALUE?DISPLAY
            CODE    0276H     0016H     UNIT         ?PR?_UART_SEND?UART
            CODE    028CH     0015H     UNIT         ?PR?UART1_INIT?UART
            CODE    02A1H     0013H     UNIT         ?PR?TIMER1_INIT?MACHINE
            CODE    02B4H     0011H     UNIT         ?PR?MAIN?MAIN
            CODE    02C5H     000FH     UNIT         ?PR?DELAY500MS?MACHINE
            CODE    02D4H     000CH     UNIT         ?PR?BOOT_INIT?MAIN
            CODE    02E0H     000BH     UNIT         ?PR?UART1_ISR?UART


BL51 BANKED LINKER/LOCATER V6.22.4.0                                                  05/21/2025  18:47:28  PAGE 2



OVERLAY MAP OF MODULE:   .\Objects\5.19 (?C_STARTUP)


SEGMENT                              DATA_GROUP 
  +--> CALLED SEGMENT              START    LENGTH
--------------------------------------------------
?C_C51STARTUP                      -----    -----
  +--> ?PR?MAIN?MAIN
  +--> ?C_INITSEG

?PR?MAIN?MAIN                      -----    -----
  +--> ?PR?BOOT_INIT?MAIN
  +--> ?CO?MAIN
  +--> ?PR?_UART_SEND?UART
  +--> ?PR?TASK_LOOP?MAIN

?PR?BOOT_INIT?MAIN                 -----    -----
  +--> ?PR?CLEAN_DISPLAY?MACHINE
  +--> ?PR?TIMER1_INIT?MACHINE
  +--> ?PR?UART1_INIT?UART

?PR?CLEAN_DISPLAY?MACHINE          -----    -----
  +--> ?PR?_BATCH?MACHINE

?PR?TASK_LOOP?MAIN                 -----    -----
  +--> ?PR?DISPLAY_TASK?MAIN
  +--> ?PR?UART_TASK?MAIN

?PR?DISPLAY_TASK?MAIN              -----    -----
  +--> ?PR?_SET_SEG_VALUE?DISPLAY

?PR?_SET_SEG_VALUE?DISPLAY         001BH    000FH

*** NEW ROOT ***************************************************

?PR?TIMER_1_INTERRUPT?MAIN         -----    -----
  +--> ?PR?SEG_DISPLAY?DISPLAY

?PR?SEG_DISPLAY?DISPLAY            -----    -----
  +--> ?PR?_BATCH?MACHINE
  +--> ?CO?DISPLAY



SYMBOL TABLE OF MODULE:  .\Objects\5.19 (?C_STARTUP)

  VALUE           TYPE          NAME
  ----------------------------------

  -------         MODULE        ?C_STARTUP
  C:0026H         SEGMENT       ?C_C51STARTUP
  I:002EH         SEGMENT       ?STACK
  C:0000H         PUBLIC        ?C_STARTUP
  D:00E0H         SYMBOL        ACC
  D:00F0H         SYMBOL        B
  D:0083H         SYMBOL        DPH
BL51 BANKED LINKER/LOCATER V6.22.4.0                                                  05/21/2025  18:47:28  PAGE 3


  D:0082H         SYMBOL        DPL
  N:0000H         SYMBOL        IBPSTACK
  N:0100H         SYMBOL        IBPSTACKTOP
  N:0080H         SYMBOL        IDATALEN
  C:0029H         SYMBOL        IDATALOOP
  N:0000H         SYMBOL        PBPSTACK
  N:0100H         SYMBOL        PBPSTACKTOP
  N:0000H         SYMBOL        PDATALEN
  N:0000H         SYMBOL        PDATASTART
  N:0000H         SYMBOL        PPAGE
  N:0000H         SYMBOL        PPAGEENABLE
  D:00A0H         SYMBOL        PPAGE_SFR
  D:0081H         SYMBOL        SP
  C:0026H         SYMBOL        STARTUP1
  N:0000H         SYMBOL        XBPSTACK
  N:0000H         SYMBOL        XBPSTACKTOP
  N:0000H         SYMBOL        XDATALEN
  N:0000H         SYMBOL        XDATASTART
  C:0000H         LINE#         126
  C:0026H         LINE#         133
  C:0028H         LINE#         134
  C:0029H         LINE#         135
  C:002AH         LINE#         136
  C:002CH         LINE#         185
  C:002FH         LINE#         196
  -------         ENDMOD        ?C_STARTUP

  -------         MODULE        DISPLAY
  C:0000H         SYMBOL        _ICE_DUMMY_
  D:0080H         PUBLIC        P0
  D:0090H         PUBLIC        P1
  D:00A0H         PUBLIC        P2
  D:00B0H         PUBLIC        P3
  D:00C0H         PUBLIC        P4
  D:00C8H         PUBLIC        P5
  D:00E8H         PUBLIC        P6
  D:00F8H         PUBLIC        P7
  D:00A8H         PUBLIC        IE
  C:01B9H         PUBLIC        letter
  D:00B8H         PUBLIC        IP
  C:0147H         PUBLIC        seg_display
  D:00D8H         PUBLIC        CCON
  D:0009H         PUBLIC        led_data
  D:0098H         PUBLIC        SCON
  D:0088H         PUBLIC        TCON
  D:0011H         SYMBOL        randz_last
  D:0012H         PUBLIC        seg_data
  D:00F0H         PUBLIC        B
  D:00E0H         PUBLIC        ACC
  D:001AH         SYMBOL        randz_now
  C:0260H         PUBLIC        _set_seg_value
  D:00D0H         PUBLIC        PSW
  -------         PROC          _SET_SEG_VALUE
  D:0007H         SYMBOL        d0
  D:0004H         SYMBOL        d1
  D:0002H         SYMBOL        d2
  D:0020H         SYMBOL        d3
BL51 BANKED LINKER/LOCATER V6.22.4.0                                                  05/21/2025  18:47:28  PAGE 4


  D:0022H         SYMBOL        d4
  D:0024H         SYMBOL        d5
  D:0026H         SYMBOL        d6
  D:0028H         SYMBOL        d7
  C:0260H         LINE#         17
  C:0260H         LINE#         18
  C:0260H         LINE#         19
  C:0262H         LINE#         20
  C:0264H         LINE#         21
  C:0266H         LINE#         22
  C:0269H         LINE#         23
  C:026CH         LINE#         24
  C:026FH         LINE#         25
  C:0272H         LINE#         26
  C:0275H         LINE#         27
  -------         ENDPROC       _SET_SEG_VALUE
  -------         PROC          SEG_DISPLAY
  -------         DO            
  D:0008H         SYMBOL        i
  -------         ENDDO         
  C:0147H         LINE#         56
  C:0147H         LINE#         57
  C:0147H         LINE#         60
  C:014AH         LINE#         61
  C:014FH         LINE#         63
  C:015EH         LINE#         64
  C:0163H         LINE#         66
  C:0170H         LINE#         67
  C:0175H         LINE#         69
  C:0177H         LINE#         70
  C:017FH         LINE#         71
  -------         ENDPROC       SEG_DISPLAY
  -------         ENDMOD        DISPLAY

  -------         MODULE        MACHINE
  C:0000H         SYMBOL        _ICE_DUMMY_
  D:0093H         PUBLIC        P0M1
  D:0092H         PUBLIC        P1M0
  D:0096H         PUBLIC        P2M0
  D:0091H         PUBLIC        P1M1
  D:0080H         PUBLIC        P0
  D:00B2H         PUBLIC        P3M0
  D:0095H         PUBLIC        P2M1
  D:0090H         PUBLIC        P1
  D:00B4H         PUBLIC        P4M0
  D:00B1H         PUBLIC        P3M1
  D:00A0H         PUBLIC        P2
  D:00CAH         PUBLIC        P5M0
  D:00B3H         PUBLIC        P4M1
  D:00B0H         PUBLIC        P3
  D:00CCH         PUBLIC        P6M0
  D:00C9H         PUBLIC        P5M1
  D:00C0H         PUBLIC        P4
  C:0180H         PUBLIC        _batch
  D:00E2H         PUBLIC        P7M0
  D:00CBH         PUBLIC        P6M1
  D:00C8H         PUBLIC        P5
BL51 BANKED LINKER/LOCATER V6.22.4.0                                                  05/21/2025  18:47:28  PAGE 5


  D:00E8H         PUBLIC        P6
  D:00E1H         PUBLIC        P7M1
  D:00F8H         PUBLIC        P7
  D:00A8H         PUBLIC        IE
  D:00B8H         PUBLIC        IP
  D:00D8H         PUBLIC        CCON
  C:02A1H         PUBLIC        Timer1_Init
  D:0098H         PUBLIC        SCON
  D:0089H         PUBLIC        TMOD
  D:0088H         PUBLIC        TCON
  D:00F0H         PUBLIC        B
  D:008EH         PUBLIC        AUXR
  D:00E0H         PUBLIC        ACC
  B:00A8H.3       PUBLIC        ET1
  B:0088H.7       PUBLIC        TF1
  D:008DH         PUBLIC        TH1
  D:008BH         PUBLIC        TL1
  B:0088H.6       PUBLIC        TR1
  C:0109H         PUBLIC        clean_display
  C:02C5H         PUBLIC        Delay500ms
  D:00D0H         PUBLIC        PSW
  D:0094H         PUBLIC        P0M0
  -------         PROC          CLEAN_DISPLAY
  C:0109H         LINE#         3
  C:0109H         LINE#         4
  C:0109H         LINE#         5
  C:010EH         LINE#         6
  C:0112H         LINE#         7
  C:0116H         LINE#         8
  C:011AH         LINE#         9
  C:011EH         LINE#         10
  C:0122H         LINE#         11
  C:0126H         LINE#         12
  C:012AH         LINE#         14
  C:012DH         LINE#         15
  C:0132H         LINE#         16
  C:0137H         LINE#         19
  C:013AH         LINE#         20
  C:013FH         LINE#         22
  C:0142H         LINE#         23
  -------         ENDPROC       CLEAN_DISPLAY
  -------         PROC          _BATCH
  D:0007H         SYMBOL        i
  C:0180H         LINE#         26
  C:0180H         LINE#         27
  C:0180H         LINE#         28
  C:018FH         LINE#         29
  C:018FH         LINE#         30
  C:0199H         LINE#         31
  C:01A3H         LINE#         32
  C:01ADH         LINE#         33
  C:01B5H         LINE#         35
  C:01B5H         LINE#         36
  C:01B8H         LINE#         37
  -------         ENDPROC       _BATCH
  -------         PROC          TIMER1_INIT
  C:02A1H         LINE#         39
BL51 BANKED LINKER/LOCATER V6.22.4.0                                                  05/21/2025  18:47:28  PAGE 6


  C:02A1H         LINE#         40
  C:02A1H         LINE#         41
  C:02A4H         LINE#         42
  C:02A7H         LINE#         43
  C:02AAH         LINE#         44
  C:02ADH         LINE#         45
  C:02AFH         LINE#         46
  C:02B1H         LINE#         47
  C:02B3H         LINE#         48
  -------         ENDPROC       TIMER1_INIT
  -------         PROC          DELAY500MS
  -------         DO            
  D:0007H         SYMBOL        i
  D:0006H         SYMBOL        j
  D:0005H         SYMBOL        k
  -------         ENDDO         
  C:02C5H         LINE#         51
  C:02C5H         LINE#         52
  C:02C5H         LINE#         55
  C:02C6H         LINE#         56
  C:02C7H         LINE#         57
  C:02C9H         LINE#         58
  C:02CBH         LINE#         59
  C:02CDH         LINE#         61
  C:02CDH         LINE#         63
  C:02CDH         LINE#         64
  C:02CFH         LINE#         65
  C:02D1H         LINE#         66
  C:02D3H         LINE#         67
  -------         ENDPROC       DELAY500MS
  -------         ENDMOD        MACHINE

  -------         MODULE        MAIN
  C:0000H         SYMBOL        _ICE_DUMMY_
  D:0080H         PUBLIC        P0
  D:0090H         PUBLIC        P1
  D:00A0H         PUBLIC        P2
  D:00B0H         PUBLIC        P3
  D:00C0H         PUBLIC        P4
  D:00C8H         PUBLIC        P5
  D:00E8H         PUBLIC        P6
  B:00A8H.7       PUBLIC        EA
  D:00F8H         PUBLIC        P7
  C:00B2H         PUBLIC        timer_1_interrupt
  D:00A8H         PUBLIC        IE
  C:01E4H         PUBLIC        display_task
  D:00B8H         PUBLIC        IP
  D:002AH         PUBLIC        state
  D:00D8H         PUBLIC        CCON
  C:02B4H         PUBLIC        main
  D:0098H         PUBLIC        SCON
  D:0088H         PUBLIC        TCON
  D:002CH         PUBLIC        uart
  D:00F0H         PUBLIC        B
  D:00E0H         PUBLIC        ACC
  C:02D4H         PUBLIC        boot_init
  C:0229H         PUBLIC        task_loop
BL51 BANKED LINKER/LOCATER V6.22.4.0                                                  05/21/2025  18:47:28  PAGE 7


  C:001EH         PUBLIC        uart_task
  C:0221H         PUBLIC        str
  D:00D0H         PUBLIC        PSW
  -------         PROC          TASK_LOOP
  C:0229H         LINE#         25
  C:0229H         LINE#         26
  C:0229H         LINE#         28
  C:022EH         LINE#         29
  C:022EH         LINE#         30
  C:0231H         LINE#         31
  C:0234H         LINE#         32
  C:0234H         LINE#         34
  C:023EH         LINE#         35
  C:023EH         LINE#         36
  C:0241H         LINE#         37
  C:0246H         LINE#         38
  C:0246H         LINE#         39
  -------         ENDPROC       TASK_LOOP
  -------         PROC          TIMER_1_INTERRUPT
  C:00B2H         LINE#         41
  C:00CFH         LINE#         45
  C:00D8H         LINE#         47
  C:00EBH         LINE#         49
  C:00EEH         LINE#         50
  -------         ENDPROC       TIMER_1_INTERRUPT
  -------         PROC          DISPLAY_TASK
  C:01E4H         LINE#         55
  C:01E4H         LINE#         56
  C:01E4H         LINE#         57
  C:01E8H         LINE#         58
  C:01E8H         LINE#         59
  C:01E8H         LINE#         60
  C:01E8H         LINE#         61
  C:0207H         LINE#         62
  C:0207H         LINE#         63
  C:0207H         LINE#         66
  C:0207H         LINE#         67
  -------         ENDPROC       DISPLAY_TASK
  -------         PROC          UART_TASK
  C:001EH         LINE#         69
  C:001EH         LINE#         70
  C:001EH         LINE#         72
  -------         ENDPROC       UART_TASK
  -------         PROC          MAIN
  C:02B4H         LINE#         74
  C:02B4H         LINE#         75
  C:02B4H         LINE#         77
  C:02B7H         LINE#         78
  C:02C0H         LINE#         79
  C:02C0H         LINE#         80
  C:02C0H         LINE#         81
  C:02C3H         LINE#         82
  -------         ENDPROC       MAIN
  -------         PROC          BOOT_INIT
  C:02D4H         LINE#         85
  C:02D4H         LINE#         86
  C:02D4H         LINE#         87
BL51 BANKED LINKER/LOCATER V6.22.4.0                                                  05/21/2025  18:47:28  PAGE 8


  C:02D7H         LINE#         90
  C:02DAH         LINE#         91
  C:02DDH         LINE#         92
  C:02DFH         LINE#         95
  -------         ENDPROC       BOOT_INIT
  -------         ENDMOD        MAIN

  -------         MODULE        UART
  C:0000H         SYMBOL        _ICE_DUMMY_
  D:0080H         PUBLIC        P0
  D:0090H         PUBLIC        P1
  D:00A0H         PUBLIC        P2
  D:00B0H         PUBLIC        P3
  D:00C0H         PUBLIC        P4
  D:00C8H         PUBLIC        P5
  D:00E8H         PUBLIC        P6
  D:00F8H         PUBLIC        P7
  D:00A8H         PUBLIC        IE
  B:00A8H.4       PUBLIC        ES
  D:00B8H         PUBLIC        IP
  B:0098H.0       PUBLIC        RI
  B:0098H.1       PUBLIC        TI
  D:00D8H         PUBLIC        CCON
  D:0099H         PUBLIC        SBUF
  D:0098H         PUBLIC        SCON
  D:0088H         PUBLIC        TCON
  D:00F0H         PUBLIC        B
  D:008EH         PUBLIC        AUXR
  C:028CH         PUBLIC        Uart1_Init
  D:00E0H         PUBLIC        ACC
  C:0276H         PUBLIC        _uart_send
  D:00D6H         PUBLIC        T2H
  D:00D7H         PUBLIC        T2L
  C:02E0H         PUBLIC        Uart1_Isr
  D:00D0H         PUBLIC        PSW
  -------         PROC          UART1_ISR
  C:02E0H         LINE#         4
  C:02E0H         LINE#         6
  C:02E3H         LINE#         7
  C:02E3H         LINE#         8
  C:02E5H         LINE#         9
  C:02E5H         LINE#         10
  C:02E8H         LINE#         11
  C:02E8H         LINE#         12
  C:02EAH         LINE#         13
  C:02EAH         LINE#         14
  -------         ENDPROC       UART1_ISR
  -------         PROC          UART1_INIT
  C:028CH         LINE#         16
  C:028CH         LINE#         17
  C:028CH         LINE#         18
  C:028FH         LINE#         19
  C:0292H         LINE#         20
  C:0295H         LINE#         21
  C:0298H         LINE#         22
  C:029BH         LINE#         23
  C:029EH         LINE#         24
BL51 BANKED LINKER/LOCATER V6.22.4.0                                                  05/21/2025  18:47:28  PAGE 9


  C:02A0H         LINE#         25
  -------         ENDPROC       UART1_INIT
  -------         PROC          _UART_SEND
  D:0001H         SYMBOL        Data
  C:0276H         LINE#         28
  C:0276H         LINE#         29
  C:0276H         LINE#         30
  C:027BH         LINE#         31
  C:027BH         LINE#         32
  C:027DH         LINE#         34
  C:0280H         LINE#         36
  C:0282H         LINE#         38
  C:0289H         LINE#         39
  C:028BH         LINE#         41
  -------         ENDPROC       _UART_SEND
  -------         ENDMOD        UART

  -------         MODULE        ?C?CLDPTR
  C:0247H         PUBLIC        ?C?CLDPTR
  -------         ENDMOD        ?C?CLDPTR

*** WARNING L16: UNCALLED SEGMENT, IGNORED FOR OVERLAY PROCESS
    SEGMENT: ?PR?DELAY500MS?MACHINE

Program Size: data=47.0 xdata=0 code=743
LINK/LOCATE RUN COMPLETE.  1 WARNING(S),  0 ERROR(S)
