C51 COMPILER V9.60.7.0   MACHINE                                                           06/02/2025 19:16:56 PAGE 1   


C51 COMPILER V9.60.7.0, COMPILATION OF MODULE MACHINE
OBJECT MODULE PLACED IN .\Objects\machine.obj
COMPILER INVOKED BY: C:\Keil_v5\C51\BIN\C51.EXE code\machine.c OPTIMIZE(8,SPEED) BROWSE DEBUG OBJECTEXTEND PRINT(.\Listi
                    -ngs\machine.lst) TABS(2) OBJECT(.\Objects\machine.obj)

line level    source

   1          #include "machine.h"
   2          
   3          void clean_display()
   4          {
   5   1          P0M1 = 0;   P0M0 = 0;   //设置为准双向口
   6   1          P1M1 = 0;   P1M0 = 0;   //设置为准双向口
   7   1          P2M1 = 0;   P2M0 = 0;   //设置为准双向口
   8   1          P3M1 = 0;   P3M0 = 0;   //设置为准双向口
   9   1          P4M1 = 0;   P4M0 = 0;   //设置为准双向口
  10   1          P5M1 = 0;   P5M0 = 0;   //设置为准双向口
  11   1          P6M1 = 0;   P6M0 = 0;   //设置为准双向口
  12   1          P7M1 = 0;   P7M0 = 0;   //设置为准双向口
  13   1      
  14   1          P0 = 0xFF;
  15   1          latch(4);
  16   1          latch(7);
  17   1          
  18   1      
  19   1          P0 = 0xAF;
  20   1          latch(5);
  21   1      
  22   1          P0 = 0x00;
  23   1          latch(6);
  24   1      }
  25          
  26          void latch(uchar i)
  27          {
  28   1          switch (i)
  29   1          {
  30   2              case 4: { P2 = (P2 & 0x1F) | 0x80; break; }
  31   2              case 5: { P2 = (P2 & 0x1F) | 0xA0; break; }
  32   2              case 6: { P2 = (P2 & 0x1F) | 0xC0; break; }
  33   2              case 7: { P2 = (P2 & 0x1F) | 0xE0; break; }
  34   2      
  35   2          }
  36   1          P2 = (P2 & 0x1F);
  37   1      }
  38          
  39          // 时间片
  40          void Timer1_Init(void)    //1毫秒@12.000MHz
  41          {
  42   1        AUXR &= 0xBF;     //定时器时钟12T模式
  43   1        TMOD &= 0x0F;     //设置定时器模式
  44   1        TL1 = 0x18;       //设置定时初始值
  45   1        TH1 = 0xFC;       //设置定时初始值
  46   1        TF1 = 0;        //清除TF1标志
  47   1        TR1 = 1;        //定时器1开始计时
  48   1        ET1 = 1;        //使能定时器1中断
  49   1      }
  50          
  51          
  52          void Delay500ms(void) //@12.000MHz
  53          {
  54   1        unsigned char data i, j, k;
C51 COMPILER V9.60.7.0   MACHINE                                                           06/02/2025 19:16:56 PAGE 2   

  55   1      
  56   1        _nop_();
  57   1        _nop_();
  58   1        i = 23;
  59   1        j = 205;
  60   1        k = 120;
  61   1        do
  62   1        {
  63   2          do
  64   2          {
  65   3            while (--k);
  66   3          } while (--j);
  67   2        } while (--i);
  68   1      }
  69          
  70          void Delay14us(void)  //@12.000MHz
  71          {
  72   1        unsigned char data i;
  73   1      
  74   1        _nop_();
  75   1        _nop_();
  76   1        i = 39;
  77   1        while (--i);
  78   1      }


MODULE INFORMATION:   STATIC OVERLAYABLE
   CODE SIZE        =    160    ----
   CONSTANT SIZE    =   ----    ----
   XDATA SIZE       =   ----    ----
   PDATA SIZE       =   ----    ----
   DATA SIZE        =   ----    ----
   IDATA SIZE       =   ----    ----
   BIT SIZE         =   ----    ----
END OF MODULE INFORMATION.


C51 COMPILATION COMPLETE.  0 WARNING(S),  0 ERROR(S)
