C51 COMPILER V9.60.7.0   MAIN                                                              02/02/2026 18:52:31 PAGE 1   


C51 COMPILER V9.60.7.0, COMPILATION OF MODULE MAIN
OBJECT MODULE PLACED IN .\Objects\main.obj
COMPILER INVOKED BY: C:\Keil_v5\C51\BIN\C51.EXE main\main.c OPTIMIZE(8,SPEED) BROWSE INCDIR(.\include) DEBUG OBJECTEXTEN
                    -D PRINT(.\Listings\main.lst) TABS(2) OBJECT(.\Objects\main.obj)

line level    source

   1          #include "main.h"
   2          
   3          enum {
   4              SONIC_TIME = 1000,
   5              KEY_TIME = 20,
   6          };
   7          
   8          
   9          
  10          
  11          sonic_t sonic;
  12          key_t key;
  13          
  14          
  15          void sonic_display()
  16          {
  17   1          set_seg(0, sonic.distance / 100 % 10);
  18   1          set_seg(1, sonic.distance / 10 % 10);
  19   1          set_seg(2, sonic.distance % 10);
  20   1      }
  21          
  22          void key_task()
  23          {
  24   1          if (key.press == 4) {
  25   2              if (sonic.mode == 0) {
  26   3                  sonic.mode = 1;
  27   3              }
  28   2              else if (sonic.mode == 1) {
  29   3                  sonic.mode = 0;
  30   3              }
  31   2          }
  32   1      }
  33          
  34          
  35          void sonic_task()
  36          {
  37   1          if (sonic.mode == 1) {
  38   2              sonic.distance = sonic_measure_mode1();
  39   2          }
  40   1          else if (sonic.mode == 2) {
  41   2              sonic.distance = sonic_measure_mode2();
  42   2          }
  43   1      
  44   1          sonic_display();
  45   1      }
  46          void main()
  47          {
  48   1          boot_init();
  49   1      
  50   1          while (1)
  51   1          {
  52   2              /* if (sonic_flag)
  53   2              {
  54   2                  sonic_flag = 0;
C51 COMPILER V9.60.7.0   MAIN                                                              02/02/2026 18:52:31 PAGE 2   

  55   2                  distance = sonic_measure();
  56   2              }
  57   2      
  58   2              if (state_flag)
  59   2              {
  60   2                  state_flag = 0;
  61   2                  state_proc();
  62   2              } */
  63   2      
  64   2              if (sonic.time == SONIC_TIME) {
  65   3                  sonic.time = 0;
  66   3                  sonic_task();
  67   3              }
  68   2      
  69   2              if (key.time == KEY_TIME) {
  70   3                  key.time = 0;
  71   3                  key.press = key_scan();
  72   3                  key_task();
  73   3              }
  74   2          }
  75   1      }
  76          
  77          void Timer2_Isr(void) interrupt 12
  78          {
  79   1          seg_display();
  80   1      
  81   1          if (sonic.time < SONIC_TIME) {
  82   2              sonic.time++;
  83   2          }
  84   1      
  85   1          if (key.time < KEY_TIME) {
  86   2              key.time++;
  87   2          }
  88   1      }
  89          
  90          


MODULE INFORMATION:   STATIC OVERLAYABLE
   CODE SIZE        =    212    ----
   CONSTANT SIZE    =   ----    ----
   XDATA SIZE       =   ----    ----
   PDATA SIZE       =   ----    ----
   DATA SIZE        =      5    ----
   IDATA SIZE       =   ----    ----
   BIT SIZE         =   ----    ----
END OF MODULE INFORMATION.


C51 COMPILATION COMPLETE.  0 WARNING(S),  0 ERROR(S)
