C51 COMPILER V9.54   LED________                                                           01/05/2025 18:21:04 PAGE 1   


C51 COMPILER V9.54, COMPILATION OF MODULE LED________
OBJECT MODULE PLACED IN .\Objects\LED和蜂鸣器.obj
COMPILER INVOKED BY: E:\SoftWareProgrom\keli\C51\BIN\C51.EXE LED和蜂鸣器.c OPTIMIZE(8,SPEED) BROWSE DEBUG OBJECTEXTEND P
                    -RINT(.\Listings\LED和蜂鸣器.lst) TABS(2) OBJECT(.\Objects\LED和蜂鸣器.obj)

line level    source

   1          #include <REGX52.H>
   2          #include <intrins.h>
   3          
   4          typedef unsigned char uchar;
   5          typedef unsigned int uint;
   6          
   7          //void delay(unsigned int t);
   8          
   9          void control(uchar chose,dat)
  10          {
  11   1        P2 &= 0x1f;
  12   1        P0=dat;
  13   1        switch(chose)
  14   1        {
  15   2          case 4: P2=(P2&0x1f)|0x80;break;
  16   2          case 5: P2=(P2&0x1f)|0xa0;break;
  17   2          case 6: P2=(P2&0x1f)|0xc0;break;
  18   2          case 7: P2=(P2&0x1f)|0xe0;break;
  19   2        }
  20   1      }
  21          
  22          void delay(unsigned int t);
  23          
  24          void Lalala()
  25          {
  26   1        delay(200);
  27   1      }
  28          
  29          void delay(unsigned int t)  //一次为4.5us
  30          {
  31   1        while(t--);      //10000为0.45s
  32   1        while(t--);
  33   1      }
  34          
  35          
  36          uchar i,j,k;
  37          void main()
  38          {
  39   1        Lalala();
  40   1        control(5,0x00);
  41   1        while(1)
  42   1        {
  43   2          for(i=0;i<=2;i++)
  44   2          {
  45   3            control(4,0x00);
  46   3            delay(100000);
  47   3            control(4,0xff);
  48   3            delay(100000);
  49   3          }
  50   2          for(j=0;j<=8;j++)
  51   2          {
  52   3            control(4,0xff<<j);
  53   3            delay(80000);
  54   3          }
C51 COMPILER V9.54   LED________                                                           01/05/2025 18:21:04 PAGE 2   

  55   2          for(k=0;k<=8;k++)
  56   2          {
  57   3            control(4,~(0xff<<k));
  58   3            delay(80000);
  59   3          }
  60   2          control(5,0x50);
  61   2          delay(100000);
  62   2          control(5,0x00);
  63   2        }
  64   1      }


MODULE INFORMATION:   STATIC OVERLAYABLE
   CODE SIZE        =    237    ----
   CONSTANT SIZE    =   ----    ----
   XDATA SIZE       =   ----    ----
   PDATA SIZE       =   ----    ----
   DATA SIZE        =      3    ----
   IDATA SIZE       =   ----    ----
   BIT SIZE         =   ----    ----
END OF MODULE INFORMATION.


C51 COMPILATION COMPLETE.  0 WARNING(S),  0 ERROR(S)
