C51 COMPILER V9.54   DS1302____                                                            02/09/2025 23:05:46 PAGE 1   


C51 COMPILER V9.54, COMPILATION OF MODULE DS1302____
OBJECT MODULE PLACED IN .\Objects\DS1302工程.obj
COMPILER INVOKED BY: E:\SoftWareProgrom\keli\C51\BIN\C51.EXE DS1302工程.c OPTIMIZE(8,SPEED) BROWSE DEBUG OBJECTEXTEND PR
                    -INT(.\Listings\DS1302工程.lst) TABS(2) OBJECT(.\Objects\DS1302工程.obj)

line level    source

   1          #include <STC15F2K60S2.H>
   2          #include "ds1302.h"
   3          #define uchar unsigned char
   4          #define uint unsigned int
   5          
   6          code unsigned char DuanMa[]={0xc0,0xf9,0xa4,0xb0,0x99,
   7          0x92,0x82,0xf8,0x80,0x90,0xbf,0xff};   //对应着0-9和-共11个字符加上全灭
   8          
   9          uchar SMGa[8]={11,11,11,11,11,11,11,11};  //SMGa[0]
  10          
  11          void control(char x,y)
  12          {
  13   1        switch(x)
  14   1        {
  15   2          case 4:P2=(P2 & 0x1f)|0x80;break;   //Y4C为高电平
  16   2          case 5:P2=(P2 & 0x1f)|0xa0;break;   //5
  17   2          case 6:P2=(P2 & 0x1f)|0xc0;break;
  18   2          case 7:P2=(P2 & 0x1f)|0xe0;break;
  19   2        }
  20   1        P0=y;
  21   1        P2 &= 0x1f;   //P2 = P2 & 0x1f;
  22   1      }
  23          
  24          void aloneSMG(char pos,value)   //单个数码管显示   
  25          {
  26   1        control(7,0xff);         //消影
  27   1        control(6,0x01<<pos);    //位选 x=0 x=7
  28   1        control(7,DuanMa[value]);//段码
  29   1      }
  30          
  31          void T0_Reset()
  32          {
  33   1        AUXR &= 0x7f;     //0111 1111
  34   1        TMOD &= 0xf0;     //TMOD = TMOD & 0xf0;
  35   1        TH0 = 0xfc;       //初值64536，1000次后就溢出
  36   1        TL0 = 0x18;
  37   1        TF0 = 0;
  38   1        ET0 = 1;
  39   1        EA = 1;
  40   1        TR0 = 1;
  41   1      }
  42          
  43          uchar SMGi=0;   //0-7
  44          void T0_Server() interrupt 1    //每次执行函数就是1ms
  45          {
  46   1        aloneSMG(SMGi,SMGa[SMGi]);    //SMGa[0] SMGa[1]   ----   SMGa[7]
  47   1        if(++SMGi==8)SMGi=0; 
  48   1      }
  49          
  50          void main()
  51          {
  52   1        T0_Reset();
  53   1        DS1302_Write_Time();
  54   1        while(1)
C51 COMPILER V9.54   DS1302____                                                            02/09/2025 23:05:46 PAGE 2   

  55   1        {
  56   2          DS1302_Read_Time();
  57   2          SMGa[0] = Time10[2]/10;
  58   2          SMGa[1] = Time10[2]%10;
  59   2          SMGa[2] = 10;
  60   2          SMGa[3] = Time10[1]/10;
  61   2          SMGa[4] = Time10[1]%10;
  62   2          SMGa[5] = 10;
  63   2          SMGa[6] = Time10[0]/10;
  64   2          SMGa[7] = Time10[0]%10;
  65   2        }
  66   1      }
  67          


MODULE INFORMATION:   STATIC OVERLAYABLE
   CODE SIZE        =    280    ----
   CONSTANT SIZE    =     12    ----
   XDATA SIZE       =   ----    ----
   PDATA SIZE       =   ----    ----
   DATA SIZE        =      9    ----
   IDATA SIZE       =   ----    ----
   BIT SIZE         =   ----    ----
END OF MODULE INFORMATION.


C51 COMPILATION COMPLETE.  0 WARNING(S),  0 ERROR(S)
