C51 COMPILER V9.60.7.0   MAIN                                                              03/26/2025 13:54:32 PAGE 1   


C51 COMPILER V9.60.7.0, COMPILATION OF MODULE MAIN
OBJECT MODULE PLACED IN .\Objects\main.obj
COMPILER INVOKED BY: C:\Keil_v5\C51\BIN\C51.EXE main.c OPTIMIZE(8,SPEED) BROWSE DEBUG OBJECTEXTEND PRINT(.\Listings\main
                    -.lst) TABS(2) OBJECT(.\Objects\main.obj)

line level    source

   1          #include "main.h"
   2          
   3          uchar state;
   4          bit sonic_flag;
   5          uchar distance;
   6          enum 
   7          {
   8              SONIC_TIME = 500
   9          };
  10          
  11          void main(void)
  12          {
  13   1          boot_init();
  14   1          while (1)
  15   1          {
  16   2              if (sonic_flag)
  17   2              {
  18   3                  sonic_flag = 0;
  19   3                  sonic_proc();
*** WARNING C206 IN LINE 19 OF main.c: 'sonic_proc': missing function-prototype
  20   3              }
  21   2          }
  22   1      }
  23          
  24          void timer_0_ne555(void) interrupt 1
  25          {
  26   1          //freq++;
  27   1      }
  28          
  29          void timer_2_1ms(void) interrupt 12
  30          {
  31   1          static uint i;
  32   1          i++;
  33   1          if (i > 30000)
  34   1          {
  35   2              i = 0;
  36   2          }
  37   1      
  38   1          seg_display();
  39   1      
  40   1          if (i % SONIC_TIME == 0)
  41   1          {
  42   2              sonic_flag = 1;
  43   2          }
  44   1      }
  45          
  46          
  47          void state_proc()
  48          {
  49   1          switch (state)
  50   1          {
  51   2              case 0:
  52   2              {
  53   3                  set_seg();
C51 COMPILER V9.60.7.0   MAIN                                                              03/26/2025 13:54:32 PAGE 2   

*** WARNING C209 IN LINE 53 OF main.c: '_set_seg': too few actual parameters
  54   3              }
  55   2              break;
  56   2          }
  57   1      }
  58          
  59          void sonic_proc()
  60          {
*** ERROR C231 IN LINE 60 OF main.c: 'sonic_proc': redefinition
  61   1          distance = sonic_measure();
  62   1      }

C51 COMPILATION COMPLETE.  2 WARNING(S),  1 ERROR(S)
