C51 COMPILER V9.60.7.0   MAIN                                                              10/04/2025 12:49:23 PAGE 1   


C51 COMPILER V9.60.7.0, COMPILATION OF MODULE MAIN
OBJECT MODULE PLACED IN .\Objects\main.obj
COMPILER INVOKED BY: C:\Keil_v5\C51\BIN\C51.EXE main\main.c OPTIMIZE(8,SPEED) BROWSE INCDIR(.\include) DEBUG OBJECTEXTEN
                    -D PRINT(.\Listings\main.lst) TABS(2) OBJECT(.\Objects\main.obj)

line level    source

   1          #include "stdio.h"
   2          #include "main.h"
   3          
   4          #define LED_TIME 10;
   5          
   6          int led_time;
   7          
   8          
   9          int main()
  10          {
  11   1          while (true) {
  12   2      
  13   2              if (led_time == LED_TIME) {
*** ERROR C141 IN LINE 13 OF main\main.c: syntax error near ';', expected ','
*** ERROR C141 IN LINE 13 OF main\main.c: syntax error near ')', expected '__asm'
  14   3                  led_time = 0;
  15   3                  led_display(0xFF);
  16   3              }
  17   2          }
  18   1          return 0;
  19   1      }
  20          void timer_0_interrupt() interrupt 1
  21          {
  22   1          if (led_time < LED_TIME) {
*** ERROR C141 IN LINE 22 OF main\main.c: syntax error near ';', expected ','
*** ERROR C141 IN LINE 22 OF main\main.c: syntax error near ')', expected '__asm'
  23   2              led_time++;
  24   2          }
  25   1          
  26   1      }
  27          
  28          uint8_t latch(uint8_t i)
  29          {
  30   1          switch(i) {
  31   2              case 4: {P2 = (P2 & 0x1F) | 0x80; break; }
  32   2              case 5: {P2 = (P2 & 0x1F) | 0xA0; break; }
  33   2              case 6: {P2 = (P2 & 0x1F) | 0xC0; break; }
  34   2              case 7: {P2 = (P2 & 0x1F) | 0xE0; break; }
  35   2              default: {return 1;}
  36   2          }
  37   1          P2 = P2 & 0x1F;
  38   1          return 0;
  39   1      
  40   1      }
  41          
  42          
  43          uint8_t led_display(uint8_t i)
  44          {
  45   1          P0 = i;
  46   1          latch(4);
  47   1          return 0;
  48   1      }
  49          
  50          
C51 COMPILER V9.60.7.0   MAIN                                                              10/04/2025 12:49:23 PAGE 2   

  51          
  52          

C51 COMPILATION COMPLETE.  0 WARNING(S),  4 ERROR(S)
