C51 COMPILER V9.54   MAIN                                                                  01/15/2023 20:34:43 PAGE 1   


C51 COMPILER V9.54, COMPILATION OF MODULE MAIN
OBJECT MODULE PLACED IN .\Objects\main.obj
COMPILER INVOKED BY: D:\Keil5\C51\BIN\C51.EXE main.c OPTIMIZE(8,SPEED) BROWSE DEBUG OBJECTEXTEND PRINT(.\Listings\main.l
                    -st) OBJECT(.\Objects\main.obj)

line level    source

   1          #include "main.h"
   2          #define wan(x) x/10000
   3          #define qian(x) x/1000%10
   4          #define bai(x) x/100%10
   5          #define shi(x) x/10%10
   6          #define ge(x) x%10
   7          
   8          u16 freq;
   9          u16 cnt;//定时器0计数
  10          u8 num;//接按键值
  11          bit key_flag,led_flag,freq_flag;
  12          void main(){
  13   1              Sys_Init();
  14   1              NE555_Init();
  15   1              Timer1Init();//改成定时器1初始化
  16   1              
  17   1              while(1){
  18   2                      if(key_flag){
  19   3                              key_flag=0;
  20   3                              num=Key_Scan();
  21   3                      }
  22   2                      if(freq_flag){
  23   3                              freq_flag=0;
  24   3                              TR0 = 0;//关闭T0;
  25   3                              freq = TH0*256 + TL0;
  26   3                              TR0 = 1;//再次打开
  27   3                              TH0 = 0;
  28   3                              TL0 = 0;//清空计数器
  29   3                              
  30   3                              //判断freq数值大小显示到数码管上
  31   3                              if(freq<10)
  32   3                                      Seg_Set(16,16,16,16,16,16,16,ge(freq));
  33   3                              else if(freq<100)
  34   3                                      Seg_Set(16,16,16,16,16,16,shi(freq),ge(freq));
  35   3                              else if(freq<1000)
  36   3                                      Seg_Set(16,16,16,16,16,bai(freq),shi(freq),ge(freq));
  37   3                              else if(freq<10000)
  38   3                                      Seg_Set(16,16,16,16,qian(freq),bai(freq),shi(freq),ge(freq));
  39   3                              else 
  40   3                                      Seg_Set(16,16,16,wan(freq),qian(freq),bai(freq),shi(freq),ge(freq));
  41   3                      }
  42   2      
  43   2                      
  44   2              }
  45   1      }
  46          
  47          
  48          //中断号改为3
  49          void Timer1_Int() interrupt 3{
  50   1              Seg_Show();
  51   1              cnt++;
  52   1              if(cnt%20==0)key_flag=1;
  53   1              if(cnt%50==0)led_flag=1;
  54   1              if(cnt%1000==0)freq_flag=1;//1秒后拿出定时器0中的计数器值，测量出频率
C51 COMPILER V9.54   MAIN                                                                  01/15/2023 20:34:43 PAGE 2   

  55   1              cnt%=1000;
  56   1      }


MODULE INFORMATION:   STATIC OVERLAYABLE
   CODE SIZE        =    601    ----
   CONSTANT SIZE    =   ----    ----
   XDATA SIZE       =   ----    ----
   PDATA SIZE       =   ----    ----
   DATA SIZE        =      5    ----
   IDATA SIZE       =   ----    ----
   BIT SIZE         =      3    ----
END OF MODULE INFORMATION.


C51 COMPILATION COMPLETE.  0 WARNING(S),  0 ERROR(S)
