C51 COMPILER V9.54   SYS                                                                   01/15/2023 20:34:43 PAGE 1   


C51 COMPILER V9.54, COMPILATION OF MODULE SYS
OBJECT MODULE PLACED IN .\Objects\sys.obj
COMPILER INVOKED BY: D:\Keil5\C51\BIN\C51.EXE sys.c OPTIMIZE(8,SPEED) BROWSE DEBUG OBJECTEXTEND PRINT(.\Listings\sys.lst
                    -) OBJECT(.\Objects\sys.obj)

line level    source

   1          #include "sys.h"
   2          void Sys_Init(){
   3   1              P0=0xff;Y4;Y0;
   4   1              P0=0xaf;Y5;Y0;
   5   1              P0=0xff;Y6;Y0;
   6   1              P0=0xff;Y7;Y0;
   7   1      }
   8          void Delay(u16 xms)             //@12.000MHz
   9          {
  10   1              unsigned char i, j;
  11   1              while(xms--){
  12   2                      i = 12;
  13   2                      j = 169;
  14   2                      do
  15   2                      {
  16   3                              while (--j);
  17   3                      } while (--i);  
  18   2              }
  19   1              
  20   1      }
  21          
  22          void NE555_Init(void)           //NE555初始化
  23          {
  24   1              AUXR &= 0x7F;           //定时器时钟12T模式
  25   1              TMOD = 0x05;            //设置定时器T0为计数器模式
  26   1              TL0 = 0;                //设置定时初值
  27   1              TH0 = 0;                //设置定时初值都为0
  28   1              TF0 = 0;                //清除TF0标志
  29   1              TR0 = 1;                //定时器0开始计时
  30   1              ET0 = 0;                //不需要中断
  31   1      }
  32          
  33          //定时器1作为系统进程管理定时器
  34          void Timer1Init(void)           //1毫秒@12.000MHz
  35          {
  36   1              AUXR &= 0xBF;           //定时器时钟12T模式
  37   1              TMOD &= 0x0F;           //设置定时器模式
  38   1              TL1 = 0x18;             //设置定时初值
  39   1              TH1 = 0xFC;             //设置定时初值
  40   1              TF1 = 0;                //清除TF1标志
  41   1              TR1 = 1;                //定时器1开始计时
  42   1              ET1 = 1;
  43   1              EA = 1;
  44   1      }


MODULE INFORMATION:   STATIC OVERLAYABLE
   CODE SIZE        =    117    ----
   CONSTANT SIZE    =   ----    ----
   XDATA SIZE       =   ----    ----
   PDATA SIZE       =   ----    ----
   DATA SIZE        =   ----    ----
   IDATA SIZE       =   ----    ----
   BIT SIZE         =   ----    ----
C51 COMPILER V9.54   SYS                                                                   01/15/2023 20:34:43 PAGE 2   

END OF MODULE INFORMATION.


C51 COMPILATION COMPLETE.  0 WARNING(S),  0 ERROR(S)
