C51 COMPILER V9.60.7.0   DISPLAY                                                           12/09/2025 17:13:26 PAGE 1   


C51 COMPILER V9.60.7.0, COMPILATION OF MODULE DISPLAY
OBJECT MODULE PLACED IN .\Objects\display.obj
COMPILER INVOKED BY: C:\Keil_v5\C51\BIN\C51.EXE main\display.c OPTIMIZE(8,SPEED) BROWSE INCDIR(.\include) DEBUG OBJECTEX
                    -TEND PRINT(.\Listings\display.lst) TABS(2) OBJECT(.\Objects\display.obj)

line level    source

   1          #include "display.h"
*** WARNING C318 IN LINE 1 OF main\display.c: can't open file 'display.h'
   2          
   3          
   4          
   5          
   6          // 1 1 0 0 0 1 1 0
   7          //0110 0011
   8          
   9          
  10          


MODULE INFORMATION:   STATIC OVERLAYABLE
   CODE SIZE        =   ----    ----
   CONSTANT SIZE    =   ----    ----
   XDATA SIZE       =   ----    ----
   PDATA SIZE       =   ----    ----
   DATA SIZE        =   ----    ----
   IDATA SIZE       =   ----    ----
   BIT SIZE         =   ----    ----
END OF MODULE INFORMATION.


C51 COMPILATION COMPLETE.  1 WARNING(S),  0 ERROR(S)
