C51 COMPILER V9.60.7.0   BOOT                                                              03/22/2025 17:15:11 PAGE 1   


C51 COMPILER V9.60.7.0, COMPILATION OF MODULE BOOT
OBJECT MODULE PLACED IN boot.obj
COMPILER INVOKED BY: C:\Keil_v5\C51\BIN\C51.EXE code\boot.c OPTIMIZE(8,SPEED) BROWSE DEBUG OBJECTEXTEND PRINT(.\boot.lst
                    -) TABS(2) OBJECT(boot.obj)

line level    source

   1          #include "boot.h"
   2          
   3          void boot_init(void)
   4          {
   5   1        P0M1 = 0;   P0M0 = 0;   //设置为准双向口
   6   1          P1M1 = 0;   P1M0 = 0;   //设置为准双向口
   7   1          P2M1 = 0;   P2M0 = 0;   //设置为准双向口
   8   1          P3M1 = 0;   P3M0 = 0;   //设置为准双向口
   9   1          P4M1 = 0;   P4M0 = 0;   //设置为准双向口
  10   1          P5M1 = 0;   P5M0 = 0;   //设置为准双向口
  11   1          P6M1 = 0;   P6M0 = 0;   //设置为准双向口
  12   1          P7M1 = 0;   P7M0 = 0;   //设置为准双向口
  13   1      
  14   1        P0 = 0xFF;
  15   1        batch(4);
  16   1        batch(0);
  17   1      
  18   1        P0 = 0xFF;
  19   1        batch(7);
  20   1        batch(0);
  21   1      
  22   1        P0 = 0x00;
  23   1        batch(6);
  24   1        batch(0);
  25   1      
  26   1        P0 = 0xAF;
  27   1        batch(5);
  28   1        batch(0);
  29   1      
  30   1        timer_0();
  31   1        timer_1();
  32   1        EA = 1;
  33   1      
  34   1      }
  35          
  36          // ne555 计数器
  37          void timer_0(void)
  38          {
  39   1          TMOD = 0x06;  // 0000 0110
  40   1          AUXR &= 0x7F;   // 0xxx xxxx
  41   1          TL0 = 0xFF;
  42   1          TH0 = 0xFF;
  43   1          TF0 = 0;
  44   1          TR0 = 1;
  45   1          ET0 = 1;
  46   1      }
  47          
  48          // 1ms
  49          void timer_1(void)
  50          {
  51   1        AUXR &= 0xBF;     //定时器时钟12T模式
  52   1        TMOD &= 0x0F;     //设置定时器模式
  53   1        TL1 = 0x18;       //设置定时初始值
  54   1        TH1 = 0xFC;       //设置定时初始值
C51 COMPILER V9.60.7.0   BOOT                                                              03/22/2025 17:15:11 PAGE 2   

  55   1        TF1 = 0;        //清除TF1标志
  56   1        TR1 = 1;        //定时器1开始计时
  57   1        ET1 = 1;        //使能定时器1中断
  58   1      }
  59          
  60          void batch(uchar i)
  61          {
  62   1        switch (i)
  63   1        {
  64   2          case 0: {P2 = (P2 & 0x1F); break;}
  65   2          case 4: {P2 = (P2 & 0x1F) | 0x80; break;}
  66   2          case 5: {P2 = (P2 & 0x1F) | 0xA0; break;}
  67   2          case 6: {P2 = (P2 & 0x1F) | 0xC0; break;}
  68   2          case 7: {P2 = (P2 & 0x1F) | 0xE0; break;}
  69   2        }
  70   1      }
  71          
  72          


MODULE INFORMATION:   STATIC OVERLAYABLE
   CODE SIZE        =    190    ----
   CONSTANT SIZE    =   ----    ----
   XDATA SIZE       =   ----    ----
   PDATA SIZE       =   ----    ----
   DATA SIZE        =   ----    ----
   IDATA SIZE       =   ----    ----
   BIT SIZE         =   ----    ----
END OF MODULE INFORMATION.


C51 COMPILATION COMPLETE.  0 WARNING(S),  0 ERROR(S)
