C51 COMPILER V9.54   ________1                                                             01/25/2025 20:55:11 PAGE 1   


C51 COMPILER V9.54, COMPILATION OF MODULE ________1
OBJECT MODULE PLACED IN .\Objects\独立按键1.obj
COMPILER INVOKED BY: E:\SoftWareProgrom\keli\C51\BIN\C51.EXE 独立按键1.c OPTIMIZE(8,SPEED) BROWSE DEBUG OBJECTEXTEND PRI
                    -NT(.\Listings\独立按键1.lst) TABS(2) OBJECT(.\Objects\独立按键1.obj)

line level    source

   1          #include <STC15F2K60S2.H>
   2          #include "intrins.h"
   3          
   4          #define uchar unsigned char
   5          #define uint unsigned int
   6          
   7          uchar shu=0;
   8          
   9          code unsigned char DuanMa[]={0xc0,0xf9,0xa4,0xb0,0x99,
  10          0x92,0x82,0xf8,0x80,0x90,0xbf,0xff};   //对应着0-9和-共11个字符加上全灭
  11          
  12          //延时1ms的函数
  13          void Delay1ms(void) //@11.0592MHz
  14          {
  15   1        unsigned char data i, j;
  16   1      
  17   1        _nop_();
  18   1        _nop_();
  19   1        _nop_();
  20   1        i = 11;
  21   1        j = 190;
  22   1        do
  23   1        {
  24   2          while (--j);
  25   2        } while (--i);
  26   1      }
  27          
  28          
  29          
  30          void delay(uint t)
  31          {
  32   1        while(t--)Delay1ms();
  33   1      }
  34          
  35          
  36          //573锁存器的控制
  37          void control(char x,y)
  38          {
  39   1        switch(x)
  40   1        {
  41   2          case 4:P2=(P2 & 0x1f)|0x80;break;   //Y4C为高电平
  42   2          case 5:P2=(P2 & 0x1f)|0xa0;break;   //5
  43   2          case 6:P2=(P2 & 0x1f)|0xc0;break;
  44   2          case 7:P2=(P2 & 0x1f)|0xe0;break;
  45   2        }
  46   1        P0=y;
  47   1        P2 &= 0x1f;   //P2 = P2 & 0x1f;
  48   1      }
  49          
  50          
  51          
  52          
  53          
  54          //单个数码管显示函数
C51 COMPILER V9.54   ________1                                                             01/25/2025 20:55:11 PAGE 2   

  55          void aloneSMG(char pos,value)     
  56          {
  57   1        control(7,0xff);         //消影
  58   1        control(6,0x01<<pos);    //位选 x=0 x=7
  59   1        control(7,DuanMa[value]);//段码
  60   1        delay(1);
  61   1      }
  62          
  63          //独立按键操作2
  64          uchar Key_Read()       //读取键值的函数
  65          {
  66   1        uchar Key_new,key_value=0;
  67   1        P3 |= 0x0f;
  68   1        Key_new = P3 & 0x0f;  //0000 1110 0x0e    //0x0f
  69   1        switch(Key_new)
  70   1        {
  71   2          case 0x07:key_value=4;break;   //S4
  72   2          case 0x0b:key_value=5;break;   //S5
  73   2          case 0x0d:key_value=6;break;   //S6
  74   2          case 0x0e:key_value=7;break;   //S7
  75   2          default :key_value=0;break;
  76   2        }
  77   1        return key_value;
  78   1      }
  79          
  80          void Key_pro()
  81          {
  82   1        uchar ucKey_Val,ucKey_Down,ucKey_Up,ucKey_old;
  83   1        ucKey_Val = Key_Read();                         //7
  84   1        ucKey_Down = ucKey_Val & (ucKey_old ^ ucKey_Val);
  85   1        ucKey_Up = ~ucKey_Val & (ucKey_old ^ ucKey_Val);
  86   1        ucKey_old = ucKey_Val;
  87   1        
  88   1        switch(ucKey_Up)
  89   1        {
  90   2          case 4:shu=4;break;
  91   2          case 5:shu=5;break;
  92   2          case 6:shu=6;break;
  93   2          case 7:shu=7;break;
  94   2        }
  95   1        
  96   1      }
  97          
  98          
  99          //主函数
 100          void main()
 101          {
 102   1        while(1)
 103   1        {
 104   2          aloneSMG(0,shu);
 105   2          Key_pro();
 106   2        }
 107   1      }


MODULE INFORMATION:   STATIC OVERLAYABLE
   CODE SIZE        =    259    ----
   CONSTANT SIZE    =     12    ----
   XDATA SIZE       =   ----    ----
   PDATA SIZE       =   ----    ----
   DATA SIZE        =      1       2
   IDATA SIZE       =   ----    ----
C51 COMPILER V9.54   ________1                                                             01/25/2025 20:55:11 PAGE 3   

   BIT SIZE         =   ----    ----
END OF MODULE INFORMATION.


C51 COMPILATION COMPLETE.  0 WARNING(S),  0 ERROR(S)
