C51 COMPILER V9.60.7.0   KEY                                                               04/12/2025 12:17:41 PAGE 1   


C51 COMPILER V9.60.7.0, COMPILATION OF MODULE KEY
OBJECT MODULE PLACED IN .\Objects\key.obj
COMPILER INVOKED BY: C:\Keil_v5\C51\BIN\C51.EXE code\key.c OPTIMIZE(8,SPEED) BROWSE DEBUG OBJECTEXTEND PRINT(.\Listings\
                    -key.lst) TABS(2) OBJECT(.\Objects\key.obj)

line level    source

   1          #include "key.h"
   2          
   3          uchar key_scan()
   4          {
   5   1          static uchar i;
   6   1          static uchar state;
   7   1          static uchar value;
   8   1      
   9   1          uchar press = 0xFF;
  10   1          uchar temp = 99;
  11   1      
  12   1          P3 = 0x0F;
  13   1          P42 = 0; P44 = 0;
  14   1          P36 = P42; P37 = P44;
  15   1      
  16   1          press = P3 & 0x0F;
  17   1      
  18   1          switch (state)
  19   1          {
  20   2              case 0:
  21   2              {
  22   3                  if (press != 0x0F)
  23   3                  {
  24   4                      state = 1;
  25   4                  }
  26   3              }
  27   2              break;
  28   2      
  29   2              case 1:
  30   2              {
  31   3                  if (press == 0x0F)
  32   3                  {
  33   4                      state = 0;
  34   4                  }
  35   3                  else
  36   3                  {
  37   4                      P3 = press | 0xF0;
  38   4                      P42 = 1; P44 = 1;
  39   4                      P36 = P42; P37 = P44;
  40   4      
  41   4                      press = P3;
  42   4                      state = 2;
  43   4      
  44   4                      switch (press)
  45   4                      {
  46   5                          case 0x77: { value = 4; break; }
  47   5                          case 0x7b: { value = 5; break; }
  48   5                          case 0x7d: { value = 6; break; }
  49   5                          case 0x7e: { value = 6; break; }
  50   5                          default: {state = 0;}
  51   5                      }
  52   4                  }
  53   3              }
  54   2              break;
C51 COMPILER V9.60.7.0   KEY                                                               04/12/2025 12:17:41 PAGE 2   

  55   2      
  56   2              case 2:
  57   2              {
  58   3                  if (press != 0x0F)
  59   3                  {
  60   4                      i++;
  61   4                      if (i > 70)
  62   4                      {
  63   5                          i = 0;
  64   5                          state = 3;
  65   5                      }
  66   4                  }
  67   3                  else
  68   3                  {
  69   4                      i = 0;
  70   4                      state = 0;
  71   4                      temp = value;
  72   4                      value = 0;
  73   4                  }
  74   3              }
  75   2              break;
  76   2      
  77   2              case 3:
  78   2              {
  79   3                  if (press == 0x0F)
  80   3                  {
  81   4                      state = 0;
  82   4                      temp = value + 20;
  83   4                      value = 0;
  84   4                  }
  85   3              }
  86   2              break;
  87   2          }
  88   1          return temp;
  89   1      }


MODULE INFORMATION:   STATIC OVERLAYABLE
   CODE SIZE        =    182    ----
   CONSTANT SIZE    =   ----    ----
   XDATA SIZE       =   ----    ----
   PDATA SIZE       =   ----    ----
   DATA SIZE        =      3       2
   IDATA SIZE       =   ----    ----
   BIT SIZE         =   ----    ----
END OF MODULE INFORMATION.


C51 COMPILATION COMPLETE.  0 WARNING(S),  0 ERROR(S)
