C51 COMPILER V9.54   MAIN                                                                  01/19/2025 20:39:30 PAGE 1   


C51 COMPILER V9.54, COMPILATION OF MODULE MAIN
OBJECT MODULE PLACED IN .\Objects\main.obj
COMPILER INVOKED BY: E:\keil\C51\BIN\C51.EXE main.c OPTIMIZE(8,SPEED) BROWSE INCDIR(..\Driver) DEBUG OBJECTEXTEND PRINT(
                    -.\Listings\main.lst) TABS(2) OBJECT(.\Objects\main.obj)

line level    source

   1          /* 头文件声明区域 */
   2          #include <STC15F2K60S2.H>
   3          #include <Led.h>
   4          #include <Init.h>
   5          #include <Key.h>
   6          #include <Seg.h>
   7          #include <ds1302.h>//时钟驱动专用头文件
   8          
   9          /* 定义变量区 */
  10          unsigned char Key_Val,Key_Down,Key_Up,Key_Old;
  11          unsigned char ucLed[8] = {0,0,0,0,0,0,0,0};
  12          unsigned char Seg_Pos;
  13          unsigned char Seg_Buf[8] = {10,10,10,10,10,10,10,10};
  14          unsigned char Seg_Point[8] = {0,0,0,0,0,0,0,0};
  15          unsigned char Key_Slow_Down;
  16          unsigned int Seg_Slow_Down;
  17          unsigned char ucRtc[3] = {0x23,0x59,0x55};//时钟数据存放数组 默认时间23：59：55
  18          
  19          /* 按键处理函数 */
  20          void Key_Proc()
  21          {
  22   1        if(Key_Slow_Down) return;
  23   1        Key_Slow_Down=1;
  24   1        
  25   1        Key_Val = Key_Read();//读取键码值
  26   1        Key_Down = Key_Val & (Key_Val ^ Key_Old);//检测下降沿
  27   1        Key_Up = ~Key_Val & (Key_Val ^ Key_Old);//检测下降沿
  28   1        Key_Old = Key_Val;//扫描辅助变量
  29   1      }
  30          
  31          /* 信息处理函数 */
  32          void Seg_Proc()
  33          {
  34   1        if(Seg_Slow_Down) return;
  35   1        Seg_Slow_Down=1;
  36   1        
  37   1        /* 信息读取区域 */
  38   1        Read_Rtc(ucRtc);//实时读取时钟数据
  39   1        
  40   1        /* 数据处理区域 */
  41   1        Seg_Buf[0]=ucRtc[0] / 16;//十六进制取十位
  42   1        Seg_Buf[1]=ucRtc[0] % 16;//十六进制取个位
  43   1        Seg_Buf[2]=11;
  44   1        Seg_Buf[3]=ucRtc[1] / 16;//十六进制取十位
  45   1        Seg_Buf[4]=ucRtc[1] % 16;//十六进制取个位
  46   1        Seg_Buf[5]=11;
  47   1        Seg_Buf[6]=ucRtc[2] / 16;//十六进制取十位
  48   1        Seg_Buf[7]=ucRtc[2] % 16;//十六进制取个位
  49   1      }
  50          
  51          /* 其他显示函数 */
  52          void Led_proc()
  53          {
  54   1      
C51 COMPILER V9.54   MAIN                                                                  01/19/2025 20:39:30 PAGE 2   

  55   1      }
  56          
  57          /*定时器0初始化函数区*/
  58          void Timer0_Init(void)    //1毫秒@12.000MHz
  59          {
  60   1        AUXR &= 0x7F;     //定时器时钟12T模式
  61   1        TMOD &= 0xF0;     //设置定时器模式
  62   1        TL0 = 0x18;       //设置定时初始值
  63   1        TH0 = 0xFC;       //设置定时初始值
  64   1        TF0 = 0;        //清除TF0标志
  65   1        TR0 = 1;        //定时器0开始计时
  66   1        ET0 = 1;
  67   1        EA = 1;
  68   1      }
  69          
  70          /*定时器0中断服务函数区*/
  71          void Timer0Server() interrupt 1
  72          {
  73   1          if(++Key_Slow_Down == 10) Key_Slow_Down = 0;
  74   1          if(++Seg_Slow_Down == 100) Seg_Slow_Down = 0;
  75   1          if(++Seg_Pos==8) Seg_Pos=0;
  76   1          Seg_Disp(Seg_Pos,Seg_Buf[Seg_Pos],Seg_Point[Seg_Pos]);
  77   1          Led_Disp(Seg_Pos,ucLed[Seg_Pos]);
  78   1      
  79   1      }
  80          
  81          /* Main */
  82          void main()
  83          {
  84   1        System_Init();
  85   1        Timer0_Init();
  86   1        Set_Rtc(ucRtc);//上电时设置时间
  87   1        while(1)
  88   1        {
  89   2          Key_Proc();
  90   2          Seg_Proc();
  91   2          Led_Proc(); 
*** WARNING C206 IN LINE 91 OF main.c: 'Led_Proc': missing function-prototype
  92   2        }
  93   1      }


MODULE INFORMATION:   STATIC OVERLAYABLE
   CODE SIZE        =    273    ----
   CONSTANT SIZE    =   ----    ----
   XDATA SIZE       =   ----    ----
   PDATA SIZE       =   ----    ----
   DATA SIZE        =     35    ----
   IDATA SIZE       =   ----    ----
   BIT SIZE         =   ----    ----
END OF MODULE INFORMATION.


C51 COMPILATION COMPLETE.  1 WARNING(S),  0 ERROR(S)
