C51 COMPILER V9.54   NE555________                                                         02/13/2025 19:52:13 PAGE 1   


C51 COMPILER V9.54, COMPILATION OF MODULE NE555________
OBJECT MODULE PLACED IN .\Objects\NE555频率测量.obj
COMPILER INVOKED BY: E:\SoftWareProgrom\keli\C51\BIN\C51.EXE NE555频率测量.c OPTIMIZE(8,SPEED) BROWSE DEBUG OBJECTEXTEND
                    - PRINT(.\Listings\NE555频率测量.lst) TABS(2) OBJECT(.\Objects\NE555频率测量.obj)

line level    source

   1          #include <STC15F2K60S2.H>
   2          
   3          #define uchar unsigned char
   4          #define uint unsigned int
   5          
   6          code unsigned char DuanMa[]={0xc0,0xf9,0xa4,0xb0,0x99,
   7          0x92,0x82,0xf8,0x80,0x90,0xbf,0xff};   //对应着0-9和-共11个字符加上全灭
   8          
   9          uchar SMGa[8]={11,11,11,11,11,11,11,11};  //SMGa[0]
  10          
  11          void control(char x,y)
  12          {
  13   1        switch(x)
  14   1        {
  15   2          case 4:P2=(P2 & 0x1f)|0x80;break;   //Y4C为高电平
  16   2          case 5:P2=(P2 & 0x1f)|0xa0;break;   //5
  17   2          case 6:P2=(P2 & 0x1f)|0xc0;break;
  18   2          case 7:P2=(P2 & 0x1f)|0xe0;break;
  19   2        }
  20   1        P0=y;
  21   1        P2 &= 0x1f;   //P2 = P2 & 0x1f;
  22   1      }
  23          
  24          void aloneSMG(char pos,value)   //单个数码管显示   
  25          {
  26   1        control(7,0xff);         //消影
  27   1        control(6,0x01<<pos);    //位选 x=0 x=7
  28   1        control(7,DuanMa[value]);//段码
  29   1      }
  30          
  31          void T_Reset()
  32          {
  33   1        AUXR &= 0xBF;     //定时器时钟12T模式   T1定时1ms的
  34   1        TMOD = 0x06;      //设置T1定时器模式 T0计数器
  35   1        TL1 = 0x18;       //设置定时初始值
  36   1        TH1 = 0xFC;       //设置定时初始值
  37   1        TL0 = 0xff;
  38   1        TH0 = 0xff;
  39   1        TF1 = 0; TF0 = 0;
  40   1        TR1 = 1; TR0 = 1;
  41   1        ET0 = 1; ET1 = 1;//打开对应的中断
  42   1        EA = 1;
  43   1        
  44   1      }
  45          
  46          uchar SMGi=0;   //0-7
  47          uint t=0;       
  48          uint count=0,SMG_count=0;   //ne555的计数方波个数   频率1s钟能够获取多少个方波
  49          void T0_Server() interrupt 1
  50          {
  51   1        count++;
  52   1      }
  53          
  54          void T1_Server() interrupt 3    //每次执行函数就是1ms     T1
C51 COMPILER V9.54   NE555________                                                         02/13/2025 19:52:13 PAGE 2   

  55          {
  56   1        aloneSMG(SMGi,SMGa[SMGi]);    //SMGa[0] SMGa[1]   ----   SMGa[7]
  57   1        if(++SMGi==8)SMGi=0; 
  58   1        if(++t==1000)
  59   1        {
  60   2          t=0;
  61   2          SMG_count=count;
  62   2          count=0;
  63   2        }
  64   1      }
  65          
  66          void main()
  67          {
  68   1        T_Reset();
  69   1        while(1)
  70   1        {
  71   2          SMGa[0]=11;
  72   2          SMGa[1]=11;
  73   2          SMGa[2]=11;
  74   2          SMGa[3]=SMG_count/10000%10;
  75   2          SMGa[4]=SMG_count/1000%10;
  76   2          SMGa[5]=SMG_count/100%10;
  77   2          SMGa[6]=SMG_count/10%10;
  78   2          SMGa[7]=SMG_count%10;
  79   2        }
  80   1      }


MODULE INFORMATION:   STATIC OVERLAYABLE
   CODE SIZE        =    379    ----
   CONSTANT SIZE    =     12    ----
   XDATA SIZE       =   ----    ----
   PDATA SIZE       =   ----    ----
   DATA SIZE        =     15    ----
   IDATA SIZE       =   ----    ----
   BIT SIZE         =   ----    ----
END OF MODULE INFORMATION.


C51 COMPILATION COMPLETE.  0 WARNING(S),  0 ERROR(S)
