C51 COMPILER V9.60.7.0   KEY                                                               03/28/2025 19:05:53 PAGE 1   


C51 COMPILER V9.60.7.0, COMPILATION OF MODULE KEY
OBJECT MODULE PLACED IN .\Objects\key.obj
COMPILER INVOKED BY: C:\Keil_v5\C51\BIN\C51.EXE key.c OPTIMIZE(8,SPEED) BROWSE DEBUG OBJECTEXTEND PRINT(.\Listings\key.l
                    -st) TABS(2) OBJECT(.\Objects\key.obj)

line level    source

   1          #include "key.h"
   2          
   3          uchar key_scan()
   4          {
   5   1          static uchar state, value, i;
   6   1          uchar press, temp;
   7   1      
   8   1          P3 = 0x0F;
   9   1          P42 = 0; P44 = 0;
  10   1          P36 = P42; P37 = P44;
  11   1      
  12   1          press = P3 & 0x0F;
  13   1      
  14   1          switch (state)
  15   1          {
  16   2              case 0:
  17   2              {
  18   3                  if (press != 0x0F)
  19   3                  {
  20   4                      state = 1;
  21   4                  }
  22   3              }
  23   2              break;
  24   2      
  25   2              case 1:
  26   2              {
  27   3                  if (press == 0x0F)
  28   3                  {
  29   4                      state = 0;
  30   4                  }
  31   3                  else
  32   3                  {
  33   4                      P3 = press | 0xF0;
  34   4                      P42 = 1; P44 = 1;
  35   4                      P36 = P42; P37 = P44;
  36   4                  
  37   4                      press = P3;
  38   4                      state = 2;
  39   4      
  40   4                      switch (press)
  41   4                      {
  42   5                          case 0x77: {value = 4; break;}
  43   5                          case 0x7b: {value = 5; break;}
  44   5                          case 0xb7: {value = 6; break;}
  45   5                          case 0xbb: {value = 7; break;}
  46   5                          default: {state = 0;}
  47   5                      }
  48   4      
  49   4                  }
  50   3              }
  51   2              break;
  52   2      
  53   2              case 2:
  54   2              {
C51 COMPILER V9.60.7.0   KEY                                                               03/28/2025 19:05:53 PAGE 2   

  55   3                  if (press != 0x0F)
  56   3                  {
  57   4                      i++;
  58   4                      if (i > 100)
  59   4                      {
  60   5                          i = 0;
  61   5                          state = 3;
  62   5                      }
  63   4                  }
  64   3                  else
  65   3                  {
  66   4                      temp = value;
  67   4                      value = 0;
  68   4                      state = 0;
  69   4                      i = 0;
  70   4                  }
  71   3              }
  72   2              break;
  73   2      
  74   2              case 3:
  75   2              {
  76   3                  if (press == 0x0F)
  77   3                  {
  78   4                      temp = value + 20;
  79   4                      value = 0;
  80   4                      state = 0;
  81   4                  }
  82   3              }
  83   2              break;
  84   2          }
  85   1      
  86   1          return temp;
  87   1      }


MODULE INFORMATION:   STATIC OVERLAYABLE
   CODE SIZE        =    184    ----
   CONSTANT SIZE    =   ----    ----
   XDATA SIZE       =   ----    ----
   PDATA SIZE       =   ----    ----
   DATA SIZE        =      3       2
   IDATA SIZE       =   ----    ----
   BIT SIZE         =   ----    ----
END OF MODULE INFORMATION.


C51 COMPILATION COMPLETE.  0 WARNING(S),  0 ERROR(S)
