C51 COMPILER V9.54   ________                                                              02/05/2025 16:30:27 PAGE 1   


C51 COMPILER V9.54, COMPILATION OF MODULE ________
OBJECT MODULE PLACED IN .\Objects\外部中断.obj
COMPILER INVOKED BY: E:\SoftWareProgrom\keli\C51\BIN\C51.EXE 外部中断.c OPTIMIZE(8,SPEED) BROWSE DEBUG OBJECTEXTEND PRIN
                    -T(.\Listings\外部中断.lst) TABS(2) OBJECT(.\Objects\外部中断.obj)

line level    source

   1          #include <STC15F2K60S2.H>
   2          #include "intrins.h"
   3          
   4          #define uchar unsigned char
   5          #define uint unsigned int
   6          
   7          void Delay500ms(void) //@12.000MHz
   8          {
   9   1        unsigned char data i, j, k;
  10   1      
  11   1        _nop_();
  12   1        _nop_();
  13   1        i = 23;
  14   1        j = 205;
  15   1        k = 120;
  16   1        do
  17   1        {
  18   2          do
  19   2          {
  20   3            while (--k);
  21   3          } while (--j);
  22   2        } while (--i);
  23   1      }
  24          
  25          
  26          void control(uchar x,y)
  27          {
  28   1        switch(x)
  29   1        {
  30   2          case 4:P2=(P2 & 0x1f)|0x80;break;
  31   2          case 5:P2=(P2 & 0x1f)|0xa0;break;
  32   2          case 6:P2=(P2 & 0x1f)|0xc0;break;
  33   2          case 7:P2=(P2 & 0x1f)|0xe0;break;
  34   2        }
  35   1        P0 = y;
  36   1        P2 &= 0x1f;
  37   1      }
  38          
  39          void INT0_Reset()
  40          {
  41   1        INT0=1;  INT1=1;
  42   1        EX0=1;   EX1=1;
  43   1        EA=1;  
  44   1      }
  45          
  46          void INT0_Server() interrupt 0
  47          {
  48   1        uchar j=0;
  49   1        for(j=0;j<3;j++)
  50   1        {
  51   2          control(4,0xfe);         //P00 = 0;其他熄灭 1111 1110
  52   2          Delay500ms();
  53   2          control(4,0xff);
  54   2          Delay500ms();
C51 COMPILER V9.54   ________                                                              02/05/2025 16:30:27 PAGE 2   

  55   2        }
  56   1      }
  57          
  58          void INT1_Server() interrupt 2
  59          {
  60   1        uchar j=0;
  61   1        for(j=0;j<3;j++)
  62   1        {
  63   2          control(4,0x7f);         //P00 = 0;其他熄灭 0111 1111
  64   2          Delay500ms();
  65   2          control(4,0xff);
  66   2          Delay500ms();
  67   2        }
  68   1      }
  69          
  70          void main()
  71          {
  72   1        uchar i=0;
  73   1        INT0_Reset();
  74   1        while(1)
  75   1        {
  76   2          for(i=0;i<=8;i++)
  77   2          control(4,0xff<<i),
  78   2          Delay500ms();
  79   2        }
  80   1      }


MODULE INFORMATION:   STATIC OVERLAYABLE
   CODE SIZE        =    223    ----
   CONSTANT SIZE    =   ----    ----
   XDATA SIZE       =   ----    ----
   PDATA SIZE       =   ----    ----
   DATA SIZE        =   ----    ----
   IDATA SIZE       =   ----    ----
   BIT SIZE         =   ----    ----
END OF MODULE INFORMATION.


C51 COMPILATION COMPLETE.  0 WARNING(S),  0 ERROR(S)
